
<!DOCTYPE html>
<html lang="en">
<head>
  <meta http-equiv="content-type" content="text/html; charset=utf-8">
  <meta name="robots" content="NONE,NOARCHIVE">
  <title>IntegrityError at /</title>
  <style type="text/css">
    html * { padding:0; margin:0; }
    body * { padding:10px 20px; }
    body * * { padding:0; }
    body { font:small sans-serif; }
    body>div { border-bottom:1px solid #ddd; }
    h1 { font-weight:normal; }
    h2 { margin-bottom:.8em; }
    h2 span { font-size:80%; color:#666; font-weight:normal; }
    h3 { margin:1em 0 .5em 0; }
    h4 { margin:0 0 .5em 0; font-weight: normal; }
    code, pre { font-size: 100%; white-space: pre-wrap; }
    table { border:1px solid #ccc; border-collapse: collapse; width:100%; background:white; }
    tbody td, tbody th { vertical-align:top; padding:2px 3px; }
    thead th { padding:1px 6px 1px 3px; background:#fefefe; text-align:left; font-weight:normal; font-size:11px; border:1px solid #ddd; }
    tbody th { width:12em; text-align:right; color:#666; padding-right:.5em; }
    table.vars { margin:5px 0 2px 40px; }
    table.vars td, table.req td { font-family:monospace; }
    table td.code { width:100%; }
    table td.code pre { overflow:hidden; }
    table.source th { color:#666; }
    table.source td { font-family:monospace; white-space:pre; border-bottom:1px solid #eee; }
    ul.traceback { list-style-type:none; color: #222; }
    ul.traceback li.frame { padding-bottom:1em; color:#666; }
    ul.traceback li.user { background-color:#e0e0e0; color:#000 }
    div.context { padding:10px 0; overflow:hidden; }
    div.context ol { padding-left:30px; margin:0 10px; list-style-position: inside; }
    div.context ol li { font-family:monospace; white-space:pre; color:#777; cursor:pointer; }
    div.context ol li pre { display:inline; }
    div.context ol.context-line li { color:#505050; background-color:#dfdfdf; }
    div.context ol.context-line li span { position:absolute; right:32px; }
    .user div.context ol.context-line li { background-color:#bbb; color:#000; }
    .user div.context ol li { color:#666; }
    div.commands { margin-left: 40px; }
    div.commands a { color:#555; text-decoration:none; }
    .user div.commands a { color: black; }
    #summary { background: #ffc; }
    #summary h2 { font-weight: normal; color: #666; }
    #explanation { background:#eee; }
    #template, #template-not-exist { background:#f6f6f6; }
    #template-not-exist ul { margin: 0 0 0 20px; }
    #unicode-hint { background:#eee; }
    #traceback { background:#eee; }
    #requestinfo { background:#f6f6f6; padding-left:120px; }
    #summary table { border:none; background:transparent; }
    #requestinfo h2, #requestinfo h3 { position:relative; margin-left:-100px; }
    #requestinfo h3 { margin-bottom:-1em; }
    .error { background: #ffc; }
    .specific { color:#cc3300; font-weight:bold; }
    h2 span.commands { font-size:.7em;}
    span.commands a:link {color:#5E5694;}
    pre.exception_value { font-family: sans-serif; color: #666; font-size: 1.5em; margin: 10px 0 10px 0; }
  </style>
  
  <script type="text/javascript">
  //<!--
    function getElementsByClassName(oElm, strTagName, strClassName){
        // Written by Jonathan Snook, http://www.snook.ca/jon; Add-ons by Robert Nyman, http://www.robertnyman.com
        var arrElements = (strTagName == "*" && document.all)? document.all :
        oElm.getElementsByTagName(strTagName);
        var arrReturnElements = new Array();
        strClassName = strClassName.replace(/\-/g, "\-");
        var oRegExp = new RegExp("(^|\s)" + strClassName + "(\s|$)");
        var oElement;
        for(var i=0; i<arrElements.length; i++){
            oElement = arrElements[i];
            if(oRegExp.test(oElement.className)){
                arrReturnElements.push(oElement);
            }
        }
        return (arrReturnElements)
    }
    function hideAll(elems) {
      for (var e = 0; e < elems.length; e++) {
        elems[e].style.display = 'none';
      }
    }
    window.onload = function() {
      hideAll(getElementsByClassName(document, 'table', 'vars'));
      hideAll(getElementsByClassName(document, 'ol', 'pre-context'));
      hideAll(getElementsByClassName(document, 'ol', 'post-context'));
      hideAll(getElementsByClassName(document, 'div', 'pastebin'));
    }
    function toggle() {
      for (var i = 0; i < arguments.length; i++) {
        var e = document.getElementById(arguments[i]);
        if (e) {
          e.style.display = e.style.display == 'none' ? 'block' : 'none';
        }
      }
      return false;
    }
    function varToggle(link, id) {
      toggle('v' + id);
      var s = link.getElementsByTagName('span')[0];
      var uarr = String.fromCharCode(0x25b6);
      var darr = String.fromCharCode(0x25bc);
      s.innerHTML = s.innerHTML == uarr ? darr : uarr;
      return false;
    }
    function switchPastebinFriendly(link) {
      s1 = "Switch to copy-and-paste view";
      s2 = "Switch back to interactive view";
      link.innerHTML = link.innerHTML == s1 ? s2 : s1;
      toggle('browserTraceback', 'pastebinTraceback');
      return false;
    }
    //-->
  </script>
  
</head>
<body>
<div id="summary">
  <h1>IntegrityError at /</h1>
  <pre class="exception_value">null value in column &quot;timestamp&quot; violates not-null constraint
DETAIL:  Failing row contains (6, null, null, null, null, null).
</pre>
  <table class="meta">

    <tr>
      <th>Request Method:</th>
      <td>POST</td>
    </tr>
    <tr>
      <th>Request URL:</th>
      <td>http://powerful-sands-3128.herokuapp.com/</td>
    </tr>

    <tr>
      <th>Django Version:</th>
      <td>1.5.4</td>
    </tr>

    <tr>
      <th>Exception Type:</th>
      <td>IntegrityError</td>
    </tr>


    <tr>
      <th>Exception Value:</th>
      <td><pre>null value in column &quot;timestamp&quot; violates not-null constraint
DETAIL:  Failing row contains (6, null, null, null, null, null).
</pre></td>
    </tr>


    <tr>
      <th>Exception Location:</th>
      <td>/app/.heroku/python/lib/python2.7/site-packages/django/db/backends/postgresql_psycopg2/base.py in execute, line 54</td>
    </tr>

    <tr>
      <th>Python Executable:</th>
      <td>/app/.heroku/python/bin/python</td>
    </tr>
    <tr>
      <th>Python Version:</th>
      <td>2.7.4</td>
    </tr>
    <tr>
      <th>Python Path:</th>
      <td><pre>[&#39;/app&#39;,
 &#39;/app/.heroku/python/bin&#39;,
 &#39;/app/.heroku/python/lib/python2.7/site-packages/pip-1.3.1-py2.7.egg&#39;,
 &#39;/app&#39;,
 &#39;/app/.heroku/python/lib/python27.zip&#39;,
 &#39;/app/.heroku/python/lib/python2.7&#39;,
 &#39;/app/.heroku/python/lib/python2.7/plat-linux2&#39;,
 &#39;/app/.heroku/python/lib/python2.7/lib-tk&#39;,
 &#39;/app/.heroku/python/lib/python2.7/lib-old&#39;,
 &#39;/app/.heroku/python/lib/python2.7/lib-dynload&#39;,
 &#39;/app/.heroku/python/lib/python2.7/site-packages&#39;,
 &#39;/app/.heroku/python/lib/python2.7/site-packages/setuptools-0.6c11-py2.7.egg-info&#39;]</pre></td>
    </tr>
    <tr>
      <th>Server time:</th>
      <td>Sat, 28 Sep 2013 19:35:06 -0500</td>
    </tr>
  </table>
</div>




<div id="traceback">
  <h2>Traceback <span class="commands"><a href="#" onclick="return switchPastebinFriendly(this);">Switch to copy-and-paste view</a></span></h2>
  
  <div id="browserTraceback">
    <ul class="traceback">
      
        <li class="frame django">
          <code>/app/.heroku/python/lib/python2.7/site-packages/django/core/handlers/base.py</code> in <code>get_response</code>

          
            <div class="context" id="c30844184">
              
                <ol start="108" class="pre-context" id="pre30844184"><li onclick="toggle('pre30844184', 'post30844184')"><pre>                    for middleware_method in self._view_middleware:</pre></li><li onclick="toggle('pre30844184', 'post30844184')"><pre>                        response = middleware_method(request, callback, callback_args, callback_kwargs)</pre></li><li onclick="toggle('pre30844184', 'post30844184')"><pre>                        if response:</pre></li><li onclick="toggle('pre30844184', 'post30844184')"><pre>                            break</pre></li><li onclick="toggle('pre30844184', 'post30844184')"><pre></pre></li><li onclick="toggle('pre30844184', 'post30844184')"><pre>                if response is None:</pre></li><li onclick="toggle('pre30844184', 'post30844184')"><pre>                    try:</pre></li></ol>
              
              <ol start="115" class="context-line"><li onclick="toggle('pre30844184', 'post30844184')"><pre>                        response = callback(request, *callback_args, **callback_kwargs)</pre> <span>...</span></li></ol>
              
                <ol start='116' class="post-context" id="post30844184"><li onclick="toggle('pre30844184', 'post30844184')"><pre>                    except Exception as e:</pre></li><li onclick="toggle('pre30844184', 'post30844184')"><pre>                        # If the view raised an exception, run it through exception</pre></li><li onclick="toggle('pre30844184', 'post30844184')"><pre>                        # middleware, and if the exception middleware returns a</pre></li><li onclick="toggle('pre30844184', 'post30844184')"><pre>                        # response, use that. Otherwise, reraise the exception.</pre></li><li onclick="toggle('pre30844184', 'post30844184')"><pre>                        for middleware_method in self._exception_middleware:</pre></li><li onclick="toggle('pre30844184', 'post30844184')"><pre>                            response = middleware_method(request, e)</pre></li></ol>
              
            </div>
          

          
            <div class="commands">
                
                    <a href="#" onclick="return varToggle(this, '30844184')"><span>&#x25b6;</span> Local vars</a>
                
            </div>
            <table class="vars" id="v30844184">
              <thead>
                <tr>
                  <th>Variable</th>
                  <th>Value</th>
                </tr>
              </thead>
              <tbody>
                
                  <tr>
                    <td>e</td>
                    <td class="code"><pre>IntegrityError(&#39;null value in column &quot;timestamp&quot; violates not-null constraint\nDETAIL:  Failing row contains (6, null, null, null, null, null).\n&#39;,)</pre></td>
                  </tr>
                
                  <tr>
                    <td>middleware_method</td>
                    <td class="code"><pre>&lt;bound method CsrfViewMiddleware.process_view of &lt;django.middleware.csrf.CsrfViewMiddleware object at 0x1510210&gt;&gt;</pre></td>
                  </tr>
                
                  <tr>
                    <td>resolver</td>
                    <td class="code"><pre>&lt;RegexURLResolver &#39;server.urls&#39; (None:None) ^/&gt;</pre></td>
                  </tr>
                
                  <tr>
                    <td>response</td>
                    <td class="code"><pre>None</pre></td>
                  </tr>
                
                  <tr>
                    <td>callback_kwargs</td>
                    <td class="code"><pre>{}</pre></td>
                  </tr>
                
                  <tr>
                    <td>resolver_match</td>
                    <td class="code"><pre>ResolverMatch(func=&lt;function sensordata at 0x1b62410&gt;, args=(), kwargs={}, url_name=&#39;server.views.sensordata&#39;, app_name=&#39;None&#39;, namespace=&#39;&#39;)</pre></td>
                  </tr>
                
                  <tr>
                    <td>self</td>
                    <td class="code"><pre>&lt;django.core.handlers.wsgi.WSGIHandler object at 0x146a150&gt;</pre></td>
                  </tr>
                
                  <tr>
                    <td>callback</td>
                    <td class="code"><pre>&lt;function sensordata at 0x1b62410&gt;</pre></td>
                  </tr>
                
                  <tr>
                    <td>urlconf</td>
                    <td class="code"><pre>&#39;server.urls&#39;</pre></td>
                  </tr>
                
                  <tr>
                    <td>request</td>
                    <td class="code"><pre>&quot;&lt;WSGIRequest\npath:/,\nGET:&lt;QueryDict: {}&gt;,\nPOST:&lt;QueryDict: {u&#39;t&#39;: [u&#39;123&#39;], u&#39;sensor_id&#39;: [u&#39;4&#39;], u&#39;tripID&#39;: [u&#39;3&#39;], u&#39;sensor_value&#39;: [u&#39;9&#39;], u&#39;devID&#39;: [u&#39;18&#39;]}&gt;,\nCOOKIES:{},\nMETA:{&#39;CONTENT_LENGTH&#39;: &#39;50&#39;,\n &#39;CONTENT_TYPE&#39;: &#39;application/x-www-form-urlencoded&#39;,\n u&#39;CSRF_COOKIE&#39;: u&#39;y9Xd1s9lx2UFmvaHSo20xIcM2nMzTo8z&#39;,\n &#39;HTTP_ACCEPT&#39;: &#39;*/*&#39;,\n &#39;HTTP_CONNECTION&#39;: &#39;close&#39;,\n &#39;HTTP_HOST&#39;: &#39;powerful-sands-3128.herokuapp.com&#39;,\n &#39;HTTP_USER_AGENT&#39;: &#39;curl/7.21.4 (universal-apple-darwin11.0) libcurl/7.21.4 OpenSSL/0.9.8x zlib/1.2.5&#39;,\n &#39;HTTP_X_FORWARDED_FOR&#39;: &#39;12.189.20.126&#39;,\n &#39;HTTP_X_FORWARDED_PORT&#39;: &#39;80&#39;,\n &#39;HTTP_X_FORWARDED_PROTO&#39;: &#39;http&#39;,\n &#39;HTTP_X_REQUEST_START&#39;: &#39;1380414904840&#39;,\n &#39;PATH_INFO&#39;: u&#39;/&#39;,\n &#39;QUERY_STRING&#39;: &#39;&#39;,\n &#39;RAW_URI&#39;: &#39;/&#39;,\n &#39;REMOTE_ADDR&#39;: &#39;10.62.95.9&#39;,\n &#39;REMOTE_PORT&#39;: &#39;55007&#39;,\n &#39;REQUEST_METHOD&#39;: &#39;POST&#39;,\n &#39;SCRIPT_NAME&#39;: u&#39;&#39;,\n &#39;SERVER_NAME&#39;: &#39;powerful-sands-3128.herokuapp.com&#39;,\n &#39;SERVER_PORT&#39;: &#39;80&#39;,\n &#39;SERVER_PROTOCOL&#39;: &#39;HTTP/1.1&#39;,\n &#39;SERVER_SOFTWARE&#39;: &#39;gunicorn/0.17.2&#39;,\n &#39;gunicorn.socket&#39;: &lt;socket._socketobject object at 0x1df43d0&gt;,\n &#39;wsgi.errors&#39;: &lt;open file &#39;&lt;stderr&gt;&#39;, mode &#39;w&#39; at 0x7f0e3c8691e0&gt;,\n &#39;wsgi.file_wrapper&#39;: &lt;class gunicorn.http.wsgi.FileWrapper at 0xf5f120&gt;,\n &#39;wsgi.input&#39;: &lt;gunicorn.http.body.Body object at 0x1d38d90&gt;,\n &#39;wsgi.multiprocess&#39;: False,\n &#39;wsgi.multithread&#39;: False,\n &#39;wsgi.run_once&#39;: False,\n &#39;wsgi.url_scheme&#39;: &#39;http&#39;,\n &#39;wsgi.version&#39;: (1, 0)}&gt;&quot;</pre></td>
                  </tr>
                
                  <tr>
                    <td>callback_args</td>
                    <td class="code"><pre>()</pre></td>
                  </tr>
                
              </tbody>
            </table>
          
        </li>
      
        <li class="frame django">
          <code>/app/.heroku/python/lib/python2.7/site-packages/django/views/decorators/csrf.py</code> in <code>wrapped_view</code>

          
            <div class="context" id="c30845192">
              
                <ol start="70" class="pre-context" id="pre30845192"><li onclick="toggle('pre30845192', 'post30845192')"><pre>    &quot;&quot;&quot;</pre></li><li onclick="toggle('pre30845192', 'post30845192')"><pre>    Marks a view function as being exempt from the CSRF view protection.</pre></li><li onclick="toggle('pre30845192', 'post30845192')"><pre>    &quot;&quot;&quot;</pre></li><li onclick="toggle('pre30845192', 'post30845192')"><pre>    # We could just do view_func.csrf_exempt = True, but decorators</pre></li><li onclick="toggle('pre30845192', 'post30845192')"><pre>    # are nicer if they don&#39;t have side-effects, so we return a new</pre></li><li onclick="toggle('pre30845192', 'post30845192')"><pre>    # function.</pre></li><li onclick="toggle('pre30845192', 'post30845192')"><pre>    def wrapped_view(*args, **kwargs):</pre></li></ol>
              
              <ol start="77" class="context-line"><li onclick="toggle('pre30845192', 'post30845192')"><pre>        return view_func(*args, **kwargs)</pre> <span>...</span></li></ol>
              
                <ol start='78' class="post-context" id="post30845192"><li onclick="toggle('pre30845192', 'post30845192')"><pre>    wrapped_view.csrf_exempt = True</pre></li><li onclick="toggle('pre30845192', 'post30845192')"><pre>    return wraps(view_func, assigned=available_attrs(view_func))(wrapped_view)</pre></li></ol>
              
            </div>
          

          
            <div class="commands">
                
                    <a href="#" onclick="return varToggle(this, '30845192')"><span>&#x25b6;</span> Local vars</a>
                
            </div>
            <table class="vars" id="v30845192">
              <thead>
                <tr>
                  <th>Variable</th>
                  <th>Value</th>
                </tr>
              </thead>
              <tbody>
                
                  <tr>
                    <td>kwargs</td>
                    <td class="code"><pre>{}</pre></td>
                  </tr>
                
                  <tr>
                    <td>args</td>
                    <td class="code"><pre>(&lt;WSGIRequest
path:/,
GET:&lt;QueryDict: {}&gt;,
POST:&lt;QueryDict: {u&#39;t&#39;: [u&#39;123&#39;], u&#39;sensor_id&#39;: [u&#39;4&#39;], u&#39;tripID&#39;: [u&#39;3&#39;], u&#39;sensor_value&#39;: [u&#39;9&#39;], u&#39;devID&#39;: [u&#39;18&#39;]}&gt;,
COOKIES:{},
META:{&#39;CONTENT_LENGTH&#39;: &#39;50&#39;,
 &#39;CONTENT_TYPE&#39;: &#39;application/x-www-form-urlencoded&#39;,
 u&#39;CSRF_COOKIE&#39;: u&#39;y9Xd1s9lx2UFmvaHSo20xIcM2nMzTo8z&#39;,
 &#39;HTTP_ACCEPT&#39;: &#39;*/*&#39;,
 &#39;HTTP_CONNECTION&#39;: &#39;close&#39;,
 &#39;HTTP_HOST&#39;: &#39;powerful-sands-3128.herokuapp.com&#39;,
 &#39;HTTP_USER_AGENT&#39;: &#39;curl/7.21.4 (universal-apple-darwin11.0) libcurl/7.21.4 OpenSSL/0.9.8x zlib/1.2.5&#39;,
 &#39;HTTP_X_FORWARDED_FOR&#39;: &#39;12.189.20.126&#39;,
 &#39;HTTP_X_FORWARDED_PORT&#39;: &#39;80&#39;,
 &#39;HTTP_X_FORWARDED_PROTO&#39;: &#39;http&#39;,
 &#39;HTTP_X_REQUEST_START&#39;: &#39;1380414904840&#39;,
 &#39;PATH_INFO&#39;: u&#39;/&#39;,
 &#39;QUERY_STRING&#39;: &#39;&#39;,
 &#39;RAW_URI&#39;: &#39;/&#39;,
 &#39;REMOTE_ADDR&#39;: &#39;10.62.95.9&#39;,
 &#39;REMOTE_PORT&#39;: &#39;55007&#39;,
 &#39;REQUEST_METHOD&#39;: &#39;POST&#39;,
 &#39;SCRIPT_NAME&#39;: u&#39;&#39;,
 &#39;SERVER_NAME&#39;: &#39;powerful-sands-3128.herokuapp.com&#39;,
 &#39;SERVER_PORT&#39;: &#39;80&#39;,
 &#39;SERVER_PROTOCOL&#39;: &#39;HTTP/1.1&#39;,
 &#39;SERVER_SOFTWARE&#39;: &#39;gunicorn/0.17.2&#39;,
 &#39;gunicorn.socket&#39;: &lt;socket._socketobject object at 0x1df43d0&gt;,
 &#39;wsgi.errors&#39;: &lt;open file &#39;&lt;stderr&gt;&#39;, mode &#39;w&#39; at 0x7f0e3c8691e0&gt;,
 &#39;wsgi.file_wrapper&#39;: &lt;class gunicorn.http.wsgi.FileWrapper at 0xf5f120&gt;,
 &#39;wsgi.input&#39;: &lt;gunicorn.http.body.Body object at 0x1d38d90&gt;,
 &#39;wsgi.multiprocess&#39;: False,
 &#39;wsgi.multithread&#39;: False,
 &#39;wsgi.run_once&#39;: False,
 &#39;wsgi.url_scheme&#39;: &#39;http&#39;,
 &#39;wsgi.version&#39;: (1, 0)}&gt;,)</pre></td>
                  </tr>
                
                  <tr>
                    <td>view_func</td>
                    <td class="code"><pre>&lt;function sensordata at 0x1b5de60&gt;</pre></td>
                  </tr>
                
              </tbody>
            </table>
          
        </li>
      
        <li class="frame django">
          <code>/app/.heroku/python/lib/python2.7/site-packages/django/views/generic/base.py</code> in <code>view</code>

          
            <div class="context" id="c30845120">
              
                <ol start="61" class="pre-context" id="pre30845120"><li onclick="toggle('pre30845120', 'post30845120')"><pre>        def view(request, *args, **kwargs):</pre></li><li onclick="toggle('pre30845120', 'post30845120')"><pre>            self = cls(**initkwargs)</pre></li><li onclick="toggle('pre30845120', 'post30845120')"><pre>            if hasattr(self, &#39;get&#39;) and not hasattr(self, &#39;head&#39;):</pre></li><li onclick="toggle('pre30845120', 'post30845120')"><pre>                self.head = self.get</pre></li><li onclick="toggle('pre30845120', 'post30845120')"><pre>            self.request = request</pre></li><li onclick="toggle('pre30845120', 'post30845120')"><pre>            self.args = args</pre></li><li onclick="toggle('pre30845120', 'post30845120')"><pre>            self.kwargs = kwargs</pre></li></ol>
              
              <ol start="68" class="context-line"><li onclick="toggle('pre30845120', 'post30845120')"><pre>            return self.dispatch(request, *args, **kwargs)</pre> <span>...</span></li></ol>
              
                <ol start='69' class="post-context" id="post30845120"><li onclick="toggle('pre30845120', 'post30845120')"><pre></pre></li><li onclick="toggle('pre30845120', 'post30845120')"><pre>        # take name and docstring from class</pre></li><li onclick="toggle('pre30845120', 'post30845120')"><pre>        update_wrapper(view, cls, updated=())</pre></li><li onclick="toggle('pre30845120', 'post30845120')"><pre></pre></li><li onclick="toggle('pre30845120', 'post30845120')"><pre>        # and possible attributes set by decorators</pre></li><li onclick="toggle('pre30845120', 'post30845120')"><pre>        # like csrf_exempt from dispatch</pre></li></ol>
              
            </div>
          

          
            <div class="commands">
                
                    <a href="#" onclick="return varToggle(this, '30845120')"><span>&#x25b6;</span> Local vars</a>
                
            </div>
            <table class="vars" id="v30845120">
              <thead>
                <tr>
                  <th>Variable</th>
                  <th>Value</th>
                </tr>
              </thead>
              <tbody>
                
                  <tr>
                    <td>args</td>
                    <td class="code"><pre>()</pre></td>
                  </tr>
                
                  <tr>
                    <td>kwargs</td>
                    <td class="code"><pre>{}</pre></td>
                  </tr>
                
                  <tr>
                    <td>initkwargs</td>
                    <td class="code"><pre>{}</pre></td>
                  </tr>
                
                  <tr>
                    <td>request</td>
                    <td class="code"><pre>&quot;&lt;WSGIRequest\npath:/,\nGET:&lt;QueryDict: {}&gt;,\nPOST:&lt;QueryDict: {u&#39;t&#39;: [u&#39;123&#39;], u&#39;sensor_id&#39;: [u&#39;4&#39;], u&#39;tripID&#39;: [u&#39;3&#39;], u&#39;sensor_value&#39;: [u&#39;9&#39;], u&#39;devID&#39;: [u&#39;18&#39;]}&gt;,\nCOOKIES:{},\nMETA:{&#39;CONTENT_LENGTH&#39;: &#39;50&#39;,\n &#39;CONTENT_TYPE&#39;: &#39;application/x-www-form-urlencoded&#39;,\n u&#39;CSRF_COOKIE&#39;: u&#39;y9Xd1s9lx2UFmvaHSo20xIcM2nMzTo8z&#39;,\n &#39;HTTP_ACCEPT&#39;: &#39;*/*&#39;,\n &#39;HTTP_CONNECTION&#39;: &#39;close&#39;,\n &#39;HTTP_HOST&#39;: &#39;powerful-sands-3128.herokuapp.com&#39;,\n &#39;HTTP_USER_AGENT&#39;: &#39;curl/7.21.4 (universal-apple-darwin11.0) libcurl/7.21.4 OpenSSL/0.9.8x zlib/1.2.5&#39;,\n &#39;HTTP_X_FORWARDED_FOR&#39;: &#39;12.189.20.126&#39;,\n &#39;HTTP_X_FORWARDED_PORT&#39;: &#39;80&#39;,\n &#39;HTTP_X_FORWARDED_PROTO&#39;: &#39;http&#39;,\n &#39;HTTP_X_REQUEST_START&#39;: &#39;1380414904840&#39;,\n &#39;PATH_INFO&#39;: u&#39;/&#39;,\n &#39;QUERY_STRING&#39;: &#39;&#39;,\n &#39;RAW_URI&#39;: &#39;/&#39;,\n &#39;REMOTE_ADDR&#39;: &#39;10.62.95.9&#39;,\n &#39;REMOTE_PORT&#39;: &#39;55007&#39;,\n &#39;REQUEST_METHOD&#39;: &#39;POST&#39;,\n &#39;SCRIPT_NAME&#39;: u&#39;&#39;,\n &#39;SERVER_NAME&#39;: &#39;powerful-sands-3128.herokuapp.com&#39;,\n &#39;SERVER_PORT&#39;: &#39;80&#39;,\n &#39;SERVER_PROTOCOL&#39;: &#39;HTTP/1.1&#39;,\n &#39;SERVER_SOFTWARE&#39;: &#39;gunicorn/0.17.2&#39;,\n &#39;gunicorn.socket&#39;: &lt;socket._socketobject object at 0x1df43d0&gt;,\n &#39;wsgi.errors&#39;: &lt;open file &#39;&lt;stderr&gt;&#39;, mode &#39;w&#39; at 0x7f0e3c8691e0&gt;,\n &#39;wsgi.file_wrapper&#39;: &lt;class gunicorn.http.wsgi.FileWrapper at 0xf5f120&gt;,\n &#39;wsgi.input&#39;: &lt;gunicorn.http.body.Body object at 0x1d38d90&gt;,\n &#39;wsgi.multiprocess&#39;: False,\n &#39;wsgi.multithread&#39;: False,\n &#39;wsgi.run_once&#39;: False,\n &#39;wsgi.url_scheme&#39;: &#39;http&#39;,\n &#39;wsgi.version&#39;: (1, 0)}&gt;&quot;</pre></td>
                  </tr>
                
                  <tr>
                    <td>self</td>
                    <td class="code"><pre>&lt;server.views.sensordata object at 0x1d38350&gt;</pre></td>
                  </tr>
                
                  <tr>
                    <td>cls</td>
                    <td class="code"><pre>&lt;class &#39;server.views.sensordata&#39;&gt;</pre></td>
                  </tr>
                
              </tbody>
            </table>
          
        </li>
      
        <li class="frame django">
          <code>/app/.heroku/python/lib/python2.7/site-packages/django/views/generic/base.py</code> in <code>dispatch</code>

          
            <div class="context" id="c30842960">
              
                <ol start="79" class="pre-context" id="pre30842960"><li onclick="toggle('pre30842960', 'post30842960')"><pre>        # Try to dispatch to the right method; if a method doesn&#39;t exist,</pre></li><li onclick="toggle('pre30842960', 'post30842960')"><pre>        # defer to the error handler. Also defer to the error handler if the</pre></li><li onclick="toggle('pre30842960', 'post30842960')"><pre>        # request method isn&#39;t on the approved list.</pre></li><li onclick="toggle('pre30842960', 'post30842960')"><pre>        if request.method.lower() in self.http_method_names:</pre></li><li onclick="toggle('pre30842960', 'post30842960')"><pre>            handler = getattr(self, request.method.lower(), self.http_method_not_allowed)</pre></li><li onclick="toggle('pre30842960', 'post30842960')"><pre>        else:</pre></li><li onclick="toggle('pre30842960', 'post30842960')"><pre>            handler = self.http_method_not_allowed</pre></li></ol>
              
              <ol start="86" class="context-line"><li onclick="toggle('pre30842960', 'post30842960')"><pre>        return handler(request, *args, **kwargs)</pre> <span>...</span></li></ol>
              
                <ol start='87' class="post-context" id="post30842960"><li onclick="toggle('pre30842960', 'post30842960')"><pre></pre></li><li onclick="toggle('pre30842960', 'post30842960')"><pre>    def http_method_not_allowed(self, request, *args, **kwargs):</pre></li><li onclick="toggle('pre30842960', 'post30842960')"><pre>        logger.warning(&#39;Method Not Allowed (%s): %s&#39;, request.method, request.path,</pre></li><li onclick="toggle('pre30842960', 'post30842960')"><pre>            extra={</pre></li><li onclick="toggle('pre30842960', 'post30842960')"><pre>                &#39;status_code&#39;: 405,</pre></li><li onclick="toggle('pre30842960', 'post30842960')"><pre>                &#39;request&#39;: self.request</pre></li></ol>
              
            </div>
          

          
            <div class="commands">
                
                    <a href="#" onclick="return varToggle(this, '30842960')"><span>&#x25b6;</span> Local vars</a>
                
            </div>
            <table class="vars" id="v30842960">
              <thead>
                <tr>
                  <th>Variable</th>
                  <th>Value</th>
                </tr>
              </thead>
              <tbody>
                
                  <tr>
                    <td>kwargs</td>
                    <td class="code"><pre>{}</pre></td>
                  </tr>
                
                  <tr>
                    <td>args</td>
                    <td class="code"><pre>()</pre></td>
                  </tr>
                
                  <tr>
                    <td>request</td>
                    <td class="code"><pre>&quot;&lt;WSGIRequest\npath:/,\nGET:&lt;QueryDict: {}&gt;,\nPOST:&lt;QueryDict: {u&#39;t&#39;: [u&#39;123&#39;], u&#39;sensor_id&#39;: [u&#39;4&#39;], u&#39;tripID&#39;: [u&#39;3&#39;], u&#39;sensor_value&#39;: [u&#39;9&#39;], u&#39;devID&#39;: [u&#39;18&#39;]}&gt;,\nCOOKIES:{},\nMETA:{&#39;CONTENT_LENGTH&#39;: &#39;50&#39;,\n &#39;CONTENT_TYPE&#39;: &#39;application/x-www-form-urlencoded&#39;,\n u&#39;CSRF_COOKIE&#39;: u&#39;y9Xd1s9lx2UFmvaHSo20xIcM2nMzTo8z&#39;,\n &#39;HTTP_ACCEPT&#39;: &#39;*/*&#39;,\n &#39;HTTP_CONNECTION&#39;: &#39;close&#39;,\n &#39;HTTP_HOST&#39;: &#39;powerful-sands-3128.herokuapp.com&#39;,\n &#39;HTTP_USER_AGENT&#39;: &#39;curl/7.21.4 (universal-apple-darwin11.0) libcurl/7.21.4 OpenSSL/0.9.8x zlib/1.2.5&#39;,\n &#39;HTTP_X_FORWARDED_FOR&#39;: &#39;12.189.20.126&#39;,\n &#39;HTTP_X_FORWARDED_PORT&#39;: &#39;80&#39;,\n &#39;HTTP_X_FORWARDED_PROTO&#39;: &#39;http&#39;,\n &#39;HTTP_X_REQUEST_START&#39;: &#39;1380414904840&#39;,\n &#39;PATH_INFO&#39;: u&#39;/&#39;,\n &#39;QUERY_STRING&#39;: &#39;&#39;,\n &#39;RAW_URI&#39;: &#39;/&#39;,\n &#39;REMOTE_ADDR&#39;: &#39;10.62.95.9&#39;,\n &#39;REMOTE_PORT&#39;: &#39;55007&#39;,\n &#39;REQUEST_METHOD&#39;: &#39;POST&#39;,\n &#39;SCRIPT_NAME&#39;: u&#39;&#39;,\n &#39;SERVER_NAME&#39;: &#39;powerful-sands-3128.herokuapp.com&#39;,\n &#39;SERVER_PORT&#39;: &#39;80&#39;,\n &#39;SERVER_PROTOCOL&#39;: &#39;HTTP/1.1&#39;,\n &#39;SERVER_SOFTWARE&#39;: &#39;gunicorn/0.17.2&#39;,\n &#39;gunicorn.socket&#39;: &lt;socket._socketobject object at 0x1df43d0&gt;,\n &#39;wsgi.errors&#39;: &lt;open file &#39;&lt;stderr&gt;&#39;, mode &#39;w&#39; at 0x7f0e3c8691e0&gt;,\n &#39;wsgi.file_wrapper&#39;: &lt;class gunicorn.http.wsgi.FileWrapper at 0xf5f120&gt;,\n &#39;wsgi.input&#39;: &lt;gunicorn.http.body.Body object at 0x1d38d90&gt;,\n &#39;wsgi.multiprocess&#39;: False,\n &#39;wsgi.multithread&#39;: False,\n &#39;wsgi.run_once&#39;: False,\n &#39;wsgi.url_scheme&#39;: &#39;http&#39;,\n &#39;wsgi.version&#39;: (1, 0)}&gt;&quot;</pre></td>
                  </tr>
                
                  <tr>
                    <td>handler</td>
                    <td class="code"><pre>&lt;bound method sensordata.post of &lt;server.views.sensordata object at 0x1d38350&gt;&gt;</pre></td>
                  </tr>
                
                  <tr>
                    <td>self</td>
                    <td class="code"><pre>&lt;server.views.sensordata object at 0x1d38350&gt;</pre></td>
                  </tr>
                
              </tbody>
            </table>
          
        </li>
      
        <li class="frame user">
          <code>/app/server/views.py</code> in <code>post</code>

          
            <div class="context" id="c30872064">
              
                <ol start="18" class="pre-context" id="pre30872064"><li onclick="toggle('pre30872064', 'post30872064')"><pre>        timestamp = request.GET.get(&#39;t&#39;, None)</pre></li><li onclick="toggle('pre30872064', 'post30872064')"><pre>        device_id = request.GET.get(&#39;devID&#39;, None)</pre></li><li onclick="toggle('pre30872064', 'post30872064')"><pre>        trip_id = request.GET.get(&#39;tripID&#39;, None)</pre></li><li onclick="toggle('pre30872064', 'post30872064')"><pre>        sensor_id = request.GET.get(&#39;n1&#39;, None)</pre></li><li onclick="toggle('pre30872064', 'post30872064')"><pre>        sensor_value = request.GET.get(&#39;v1&#39;, None)</pre></li><li onclick="toggle('pre30872064', 'post30872064')"><pre></pre></li><li onclick="toggle('pre30872064', 'post30872064')"><pre>        reading = Reading(timestamp=timestamp, device_id=device_id, trip_id=trip_id, sensor_id=sensor_id, sensor_value=sensor_value)</pre></li></ol>
              
              <ol start="25" class="context-line"><li onclick="toggle('pre30872064', 'post30872064')"><pre>        reading.save()</pre> <span>...</span></li></ol>
              
            </div>
          

          
            <div class="commands">
                
                    <a href="#" onclick="return varToggle(this, '30872064')"><span>&#x25b6;</span> Local vars</a>
                
            </div>
            <table class="vars" id="v30872064">
              <thead>
                <tr>
                  <th>Variable</th>
                  <th>Value</th>
                </tr>
              </thead>
              <tbody>
                
                  <tr>
                    <td>device_id</td>
                    <td class="code"><pre>None</pre></td>
                  </tr>
                
                  <tr>
                    <td>reading</td>
                    <td class="code"><pre>&lt;Reading: Reading object&gt;</pre></td>
                  </tr>
                
                  <tr>
                    <td>request</td>
                    <td class="code"><pre>&quot;&lt;WSGIRequest\npath:/,\nGET:&lt;QueryDict: {}&gt;,\nPOST:&lt;QueryDict: {u&#39;t&#39;: [u&#39;123&#39;], u&#39;sensor_id&#39;: [u&#39;4&#39;], u&#39;tripID&#39;: [u&#39;3&#39;], u&#39;sensor_value&#39;: [u&#39;9&#39;], u&#39;devID&#39;: [u&#39;18&#39;]}&gt;,\nCOOKIES:{},\nMETA:{&#39;CONTENT_LENGTH&#39;: &#39;50&#39;,\n &#39;CONTENT_TYPE&#39;: &#39;application/x-www-form-urlencoded&#39;,\n u&#39;CSRF_COOKIE&#39;: u&#39;y9Xd1s9lx2UFmvaHSo20xIcM2nMzTo8z&#39;,\n &#39;HTTP_ACCEPT&#39;: &#39;*/*&#39;,\n &#39;HTTP_CONNECTION&#39;: &#39;close&#39;,\n &#39;HTTP_HOST&#39;: &#39;powerful-sands-3128.herokuapp.com&#39;,\n &#39;HTTP_USER_AGENT&#39;: &#39;curl/7.21.4 (universal-apple-darwin11.0) libcurl/7.21.4 OpenSSL/0.9.8x zlib/1.2.5&#39;,\n &#39;HTTP_X_FORWARDED_FOR&#39;: &#39;12.189.20.126&#39;,\n &#39;HTTP_X_FORWARDED_PORT&#39;: &#39;80&#39;,\n &#39;HTTP_X_FORWARDED_PROTO&#39;: &#39;http&#39;,\n &#39;HTTP_X_REQUEST_START&#39;: &#39;1380414904840&#39;,\n &#39;PATH_INFO&#39;: u&#39;/&#39;,\n &#39;QUERY_STRING&#39;: &#39;&#39;,\n &#39;RAW_URI&#39;: &#39;/&#39;,\n &#39;REMOTE_ADDR&#39;: &#39;10.62.95.9&#39;,\n &#39;REMOTE_PORT&#39;: &#39;55007&#39;,\n &#39;REQUEST_METHOD&#39;: &#39;POST&#39;,\n &#39;SCRIPT_NAME&#39;: u&#39;&#39;,\n &#39;SERVER_NAME&#39;: &#39;powerful-sands-3128.herokuapp.com&#39;,\n &#39;SERVER_PORT&#39;: &#39;80&#39;,\n &#39;SERVER_PROTOCOL&#39;: &#39;HTTP/1.1&#39;,\n &#39;SERVER_SOFTWARE&#39;: &#39;gunicorn/0.17.2&#39;,\n &#39;gunicorn.socket&#39;: &lt;socket._socketobject object at 0x1df43d0&gt;,\n &#39;wsgi.errors&#39;: &lt;open file &#39;&lt;stderr&gt;&#39;, mode &#39;w&#39; at 0x7f0e3c8691e0&gt;,\n &#39;wsgi.file_wrapper&#39;: &lt;class gunicorn.http.wsgi.FileWrapper at 0xf5f120&gt;,\n &#39;wsgi.input&#39;: &lt;gunicorn.http.body.Body object at 0x1d38d90&gt;,\n &#39;wsgi.multiprocess&#39;: False,\n &#39;wsgi.multithread&#39;: False,\n &#39;wsgi.run_once&#39;: False,\n &#39;wsgi.url_scheme&#39;: &#39;http&#39;,\n &#39;wsgi.version&#39;: (1, 0)}&gt;&quot;</pre></td>
                  </tr>
                
                  <tr>
                    <td>sensor_id</td>
                    <td class="code"><pre>None</pre></td>
                  </tr>
                
                  <tr>
                    <td>sensor_value</td>
                    <td class="code"><pre>None</pre></td>
                  </tr>
                
                  <tr>
                    <td>trip_id</td>
                    <td class="code"><pre>None</pre></td>
                  </tr>
                
                  <tr>
                    <td>timestamp</td>
                    <td class="code"><pre>None</pre></td>
                  </tr>
                
                  <tr>
                    <td>self</td>
                    <td class="code"><pre>&lt;server.views.sensordata object at 0x1d38350&gt;</pre></td>
                  </tr>
                
              </tbody>
            </table>
          
        </li>
      
        <li class="frame django">
          <code>/app/.heroku/python/lib/python2.7/site-packages/django/db/models/base.py</code> in <code>save</code>

          
            <div class="context" id="c30872856">
              
                <ol start="539" class="pre-context" id="pre30872856"><li onclick="toggle('pre30872856', 'post30872856')"><pre>                                  DeferredAttribute)]</pre></li><li onclick="toggle('pre30872856', 'post30872856')"><pre></pre></li><li onclick="toggle('pre30872856', 'post30872856')"><pre>            loaded_fields = field_names.difference(deferred_fields)</pre></li><li onclick="toggle('pre30872856', 'post30872856')"><pre>            if loaded_fields:</pre></li><li onclick="toggle('pre30872856', 'post30872856')"><pre>                update_fields = frozenset(loaded_fields)</pre></li><li onclick="toggle('pre30872856', 'post30872856')"><pre></pre></li><li onclick="toggle('pre30872856', 'post30872856')"><pre>        self.save_base(using=using, force_insert=force_insert,</pre></li></ol>
              
              <ol start="546" class="context-line"><li onclick="toggle('pre30872856', 'post30872856')"><pre>                       force_update=force_update, update_fields=update_fields)</pre> <span>...</span></li></ol>
              
                <ol start='547' class="post-context" id="post30872856"><li onclick="toggle('pre30872856', 'post30872856')"><pre>    save.alters_data = True</pre></li><li onclick="toggle('pre30872856', 'post30872856')"><pre></pre></li><li onclick="toggle('pre30872856', 'post30872856')"><pre>    def save_base(self, raw=False, cls=None, origin=None, force_insert=False,</pre></li><li onclick="toggle('pre30872856', 'post30872856')"><pre>                  force_update=False, using=None, update_fields=None):</pre></li><li onclick="toggle('pre30872856', 'post30872856')"><pre>        &quot;&quot;&quot;</pre></li><li onclick="toggle('pre30872856', 'post30872856')"><pre>        Does the heavy-lifting involved in saving. Subclasses shouldn&#39;t need to</pre></li></ol>
              
            </div>
          

          
            <div class="commands">
                
                    <a href="#" onclick="return varToggle(this, '30872856')"><span>&#x25b6;</span> Local vars</a>
                
            </div>
            <table class="vars" id="v30872856">
              <thead>
                <tr>
                  <th>Variable</th>
                  <th>Value</th>
                </tr>
              </thead>
              <tbody>
                
                  <tr>
                    <td>using</td>
                    <td class="code"><pre>&#39;default&#39;</pre></td>
                  </tr>
                
                  <tr>
                    <td>force_insert</td>
                    <td class="code"><pre>False</pre></td>
                  </tr>
                
                  <tr>
                    <td>force_update</td>
                    <td class="code"><pre>False</pre></td>
                  </tr>
                
                  <tr>
                    <td>update_fields</td>
                    <td class="code"><pre>None</pre></td>
                  </tr>
                
                  <tr>
                    <td>self</td>
                    <td class="code"><pre>&lt;Reading: Reading object&gt;</pre></td>
                  </tr>
                
              </tbody>
            </table>
          
        </li>
      
        <li class="frame django">
          <code>/app/.heroku/python/lib/python2.7/site-packages/django/db/models/base.py</code> in <code>save_base</code>

          
            <div class="context" id="c30871992">
              
                <ol start="643" class="pre-context" id="pre30871992"><li onclick="toggle('pre30871992', 'post30871992')"><pre>                    if force_update or update_fields:</pre></li><li onclick="toggle('pre30871992', 'post30871992')"><pre>                        raise ValueError(&quot;Cannot force an update in save() with no primary key.&quot;)</pre></li><li onclick="toggle('pre30871992', 'post30871992')"><pre>                    fields = [f for f in fields if not isinstance(f, AutoField)]</pre></li><li onclick="toggle('pre30871992', 'post30871992')"><pre></pre></li><li onclick="toggle('pre30871992', 'post30871992')"><pre>                record_exists = False</pre></li><li onclick="toggle('pre30871992', 'post30871992')"><pre></pre></li><li onclick="toggle('pre30871992', 'post30871992')"><pre>                update_pk = bool(meta.has_auto_field and not pk_set)</pre></li></ol>
              
              <ol start="650" class="context-line"><li onclick="toggle('pre30871992', 'post30871992')"><pre>                result = manager._insert([self], fields=fields, return_id=update_pk, using=using, raw=raw)</pre> <span>...</span></li></ol>
              
                <ol start='651' class="post-context" id="post30871992"><li onclick="toggle('pre30871992', 'post30871992')"><pre></pre></li><li onclick="toggle('pre30871992', 'post30871992')"><pre>                if update_pk:</pre></li><li onclick="toggle('pre30871992', 'post30871992')"><pre>                    setattr(self, meta.pk.attname, result)</pre></li><li onclick="toggle('pre30871992', 'post30871992')"><pre>            transaction.commit_unless_managed(using=using)</pre></li><li onclick="toggle('pre30871992', 'post30871992')"><pre></pre></li><li onclick="toggle('pre30871992', 'post30871992')"><pre>        # Store the database on which the object was saved</pre></li></ol>
              
            </div>
          

          
            <div class="commands">
                
                    <a href="#" onclick="return varToggle(this, '30871992')"><span>&#x25b6;</span> Local vars</a>
                
            </div>
            <table class="vars" id="v30871992">
              <thead>
                <tr>
                  <th>Variable</th>
                  <th>Value</th>
                </tr>
              </thead>
              <tbody>
                
                  <tr>
                    <td>manager</td>
                    <td class="code"><pre>&lt;django.db.models.manager.Manager object at 0x1b6ed90&gt;</pre></td>
                  </tr>
                
                  <tr>
                    <td>update_pk</td>
                    <td class="code"><pre>True</pre></td>
                  </tr>
                
                  <tr>
                    <td>origin</td>
                    <td class="code"><pre>&lt;class &#39;server.models.Reading&#39;&gt;</pre></td>
                  </tr>
                
                  <tr>
                    <td>update_fields</td>
                    <td class="code"><pre>None</pre></td>
                  </tr>
                
                  <tr>
                    <td>non_pks</td>
                    <td class="code"><pre>[&lt;django.db.models.fields.IntegerField: timestamp&gt;,
 &lt;django.db.models.fields.IntegerField: device_id&gt;,
 &lt;django.db.models.fields.IntegerField: trip_id&gt;,
 &lt;django.db.models.fields.CharField: sensor_id&gt;,
 &lt;django.db.models.fields.FloatField: sensor_value&gt;]</pre></td>
                  </tr>
                
                  <tr>
                    <td>fields</td>
                    <td class="code"><pre>[&lt;django.db.models.fields.IntegerField: timestamp&gt;,
 &lt;django.db.models.fields.IntegerField: device_id&gt;,
 &lt;django.db.models.fields.IntegerField: trip_id&gt;,
 &lt;django.db.models.fields.CharField: sensor_id&gt;,
 &lt;django.db.models.fields.FloatField: sensor_value&gt;]</pre></td>
                  </tr>
                
                  <tr>
                    <td>force_update</td>
                    <td class="code"><pre>False</pre></td>
                  </tr>
                
                  <tr>
                    <td>using</td>
                    <td class="code"><pre>&#39;default&#39;</pre></td>
                  </tr>
                
                  <tr>
                    <td>org</td>
                    <td class="code"><pre>None</pre></td>
                  </tr>
                
                  <tr>
                    <td>f</td>
                    <td class="code"><pre>&lt;django.db.models.fields.FloatField: sensor_value&gt;</pre></td>
                  </tr>
                
                  <tr>
                    <td>pk_set</td>
                    <td class="code"><pre>False</pre></td>
                  </tr>
                
                  <tr>
                    <td>meta</td>
                    <td class="code"><pre>&lt;Options for Reading&gt;</pre></td>
                  </tr>
                
                  <tr>
                    <td>pk_val</td>
                    <td class="code"><pre>None</pre></td>
                  </tr>
                
                  <tr>
                    <td>force_insert</td>
                    <td class="code"><pre>False</pre></td>
                  </tr>
                
                  <tr>
                    <td>self</td>
                    <td class="code"><pre>&lt;Reading: Reading object&gt;</pre></td>
                  </tr>
                
                  <tr>
                    <td>cls</td>
                    <td class="code"><pre>&lt;class &#39;server.models.Reading&#39;&gt;</pre></td>
                  </tr>
                
                  <tr>
                    <td>record_exists</td>
                    <td class="code"><pre>False</pre></td>
                  </tr>
                
                  <tr>
                    <td>raw</td>
                    <td class="code"><pre>False</pre></td>
                  </tr>
                
              </tbody>
            </table>
          
        </li>
      
        <li class="frame django">
          <code>/app/.heroku/python/lib/python2.7/site-packages/django/db/models/manager.py</code> in <code>_insert</code>

          
            <div class="context" id="c30872352">
              
                <ol start="208" class="pre-context" id="pre30872352"><li onclick="toggle('pre30872352', 'post30872352')"><pre>    def using(self, *args, **kwargs):</pre></li><li onclick="toggle('pre30872352', 'post30872352')"><pre>        return self.get_query_set().using(*args, **kwargs)</pre></li><li onclick="toggle('pre30872352', 'post30872352')"><pre></pre></li><li onclick="toggle('pre30872352', 'post30872352')"><pre>    def exists(self, *args, **kwargs):</pre></li><li onclick="toggle('pre30872352', 'post30872352')"><pre>        return self.get_query_set().exists(*args, **kwargs)</pre></li><li onclick="toggle('pre30872352', 'post30872352')"><pre></pre></li><li onclick="toggle('pre30872352', 'post30872352')"><pre>    def _insert(self, objs, fields, **kwargs):</pre></li></ol>
              
              <ol start="215" class="context-line"><li onclick="toggle('pre30872352', 'post30872352')"><pre>        return insert_query(self.model, objs, fields, **kwargs)</pre> <span>...</span></li></ol>
              
                <ol start='216' class="post-context" id="post30872352"><li onclick="toggle('pre30872352', 'post30872352')"><pre></pre></li><li onclick="toggle('pre30872352', 'post30872352')"><pre>    def _update(self, values, **kwargs):</pre></li><li onclick="toggle('pre30872352', 'post30872352')"><pre>        return self.get_query_set()._update(values, **kwargs)</pre></li><li onclick="toggle('pre30872352', 'post30872352')"><pre></pre></li><li onclick="toggle('pre30872352', 'post30872352')"><pre>    def raw(self, raw_query, params=None, *args, **kwargs):</pre></li><li onclick="toggle('pre30872352', 'post30872352')"><pre>        return RawQuerySet(raw_query=raw_query, model=self.model, params=params, using=self._db, *args, **kwargs)</pre></li></ol>
              
            </div>
          

          
            <div class="commands">
                
                    <a href="#" onclick="return varToggle(this, '30872352')"><span>&#x25b6;</span> Local vars</a>
                
            </div>
            <table class="vars" id="v30872352">
              <thead>
                <tr>
                  <th>Variable</th>
                  <th>Value</th>
                </tr>
              </thead>
              <tbody>
                
                  <tr>
                    <td>kwargs</td>
                    <td class="code"><pre>{&#39;raw&#39;: False, &#39;return_id&#39;: True, &#39;using&#39;: &#39;default&#39;}</pre></td>
                  </tr>
                
                  <tr>
                    <td>self</td>
                    <td class="code"><pre>&lt;django.db.models.manager.Manager object at 0x1b6ed90&gt;</pre></td>
                  </tr>
                
                  <tr>
                    <td>fields</td>
                    <td class="code"><pre>[&lt;django.db.models.fields.IntegerField: timestamp&gt;,
 &lt;django.db.models.fields.IntegerField: device_id&gt;,
 &lt;django.db.models.fields.IntegerField: trip_id&gt;,
 &lt;django.db.models.fields.CharField: sensor_id&gt;,
 &lt;django.db.models.fields.FloatField: sensor_value&gt;]</pre></td>
                  </tr>
                
                  <tr>
                    <td>objs</td>
                    <td class="code"><pre>[&lt;Reading: Reading object&gt;]</pre></td>
                  </tr>
                
              </tbody>
            </table>
          
        </li>
      
        <li class="frame django">
          <code>/app/.heroku/python/lib/python2.7/site-packages/django/db/models/query.py</code> in <code>insert_query</code>

          
            <div class="context" id="c30873144">
              
                <ol start="1668" class="pre-context" id="pre30873144"><li onclick="toggle('pre30873144', 'post30873144')"><pre>    &quot;&quot;&quot;</pre></li><li onclick="toggle('pre30873144', 'post30873144')"><pre>    Inserts a new record for the given model. This provides an interface to</pre></li><li onclick="toggle('pre30873144', 'post30873144')"><pre>    the InsertQuery class and is how Model.save() is implemented. It is not</pre></li><li onclick="toggle('pre30873144', 'post30873144')"><pre>    part of the public API.</pre></li><li onclick="toggle('pre30873144', 'post30873144')"><pre>    &quot;&quot;&quot;</pre></li><li onclick="toggle('pre30873144', 'post30873144')"><pre>    query = sql.InsertQuery(model)</pre></li><li onclick="toggle('pre30873144', 'post30873144')"><pre>    query.insert_values(fields, objs, raw=raw)</pre></li></ol>
              
              <ol start="1675" class="context-line"><li onclick="toggle('pre30873144', 'post30873144')"><pre>    return query.get_compiler(using=using).execute_sql(return_id)</pre> <span>...</span></li></ol>
              
                <ol start='1676' class="post-context" id="post30873144"><li onclick="toggle('pre30873144', 'post30873144')"><pre></pre></li><li onclick="toggle('pre30873144', 'post30873144')"><pre></pre></li><li onclick="toggle('pre30873144', 'post30873144')"><pre>def prefetch_related_objects(result_cache, related_lookups):</pre></li><li onclick="toggle('pre30873144', 'post30873144')"><pre>    &quot;&quot;&quot;</pre></li><li onclick="toggle('pre30873144', 'post30873144')"><pre>    Helper function for prefetch_related functionality</pre></li><li onclick="toggle('pre30873144', 'post30873144')"><pre></pre></li></ol>
              
            </div>
          

          
            <div class="commands">
                
                    <a href="#" onclick="return varToggle(this, '30873144')"><span>&#x25b6;</span> Local vars</a>
                
            </div>
            <table class="vars" id="v30873144">
              <thead>
                <tr>
                  <th>Variable</th>
                  <th>Value</th>
                </tr>
              </thead>
              <tbody>
                
                  <tr>
                    <td>objs</td>
                    <td class="code"><pre>[&lt;Reading: Reading object&gt;]</pre></td>
                  </tr>
                
                  <tr>
                    <td>fields</td>
                    <td class="code"><pre>[&lt;django.db.models.fields.IntegerField: timestamp&gt;,
 &lt;django.db.models.fields.IntegerField: device_id&gt;,
 &lt;django.db.models.fields.IntegerField: trip_id&gt;,
 &lt;django.db.models.fields.CharField: sensor_id&gt;,
 &lt;django.db.models.fields.FloatField: sensor_value&gt;]</pre></td>
                  </tr>
                
                  <tr>
                    <td>query</td>
                    <td class="code"><pre>&lt;django.db.models.sql.subqueries.InsertQuery object at 0x1d38890&gt;</pre></td>
                  </tr>
                
                  <tr>
                    <td>using</td>
                    <td class="code"><pre>&#39;default&#39;</pre></td>
                  </tr>
                
                  <tr>
                    <td>model</td>
                    <td class="code"><pre>&lt;class &#39;server.models.Reading&#39;&gt;</pre></td>
                  </tr>
                
                  <tr>
                    <td>return_id</td>
                    <td class="code"><pre>True</pre></td>
                  </tr>
                
                  <tr>
                    <td>raw</td>
                    <td class="code"><pre>False</pre></td>
                  </tr>
                
              </tbody>
            </table>
          
        </li>
      
        <li class="frame django">
          <code>/app/.heroku/python/lib/python2.7/site-packages/django/db/models/sql/compiler.py</code> in <code>execute_sql</code>

          
            <div class="context" id="c30874152">
              
                <ol start="930" class="pre-context" id="pre30874152"><li onclick="toggle('pre30874152', 'post30874152')"><pre>            ]</pre></li><li onclick="toggle('pre30874152', 'post30874152')"><pre></pre></li><li onclick="toggle('pre30874152', 'post30874152')"><pre>    def execute_sql(self, return_id=False):</pre></li><li onclick="toggle('pre30874152', 'post30874152')"><pre>        assert not (return_id and len(self.query.objs) != 1)</pre></li><li onclick="toggle('pre30874152', 'post30874152')"><pre>        self.return_id = return_id</pre></li><li onclick="toggle('pre30874152', 'post30874152')"><pre>        cursor = self.connection.cursor()</pre></li><li onclick="toggle('pre30874152', 'post30874152')"><pre>        for sql, params in self.as_sql():</pre></li></ol>
              
              <ol start="937" class="context-line"><li onclick="toggle('pre30874152', 'post30874152')"><pre>            cursor.execute(sql, params)</pre> <span>...</span></li></ol>
              
                <ol start='938' class="post-context" id="post30874152"><li onclick="toggle('pre30874152', 'post30874152')"><pre>        if not (return_id and cursor):</pre></li><li onclick="toggle('pre30874152', 'post30874152')"><pre>            return</pre></li><li onclick="toggle('pre30874152', 'post30874152')"><pre>        if self.connection.features.can_return_id_from_insert:</pre></li><li onclick="toggle('pre30874152', 'post30874152')"><pre>            return self.connection.ops.fetch_returned_insert_id(cursor)</pre></li><li onclick="toggle('pre30874152', 'post30874152')"><pre>        return self.connection.ops.last_insert_id(cursor,</pre></li><li onclick="toggle('pre30874152', 'post30874152')"><pre>                self.query.model._meta.db_table, self.query.model._meta.pk.column)</pre></li></ol>
              
            </div>
          

          
            <div class="commands">
                
                    <a href="#" onclick="return varToggle(this, '30874152')"><span>&#x25b6;</span> Local vars</a>
                
            </div>
            <table class="vars" id="v30874152">
              <thead>
                <tr>
                  <th>Variable</th>
                  <th>Value</th>
                </tr>
              </thead>
              <tbody>
                
                  <tr>
                    <td>self</td>
                    <td class="code"><pre>&lt;django.db.models.sql.compiler.SQLInsertCompiler object at 0x1d38810&gt;</pre></td>
                  </tr>
                
                  <tr>
                    <td>cursor</td>
                    <td class="code"><pre>&lt;django.db.backends.util.CursorDebugWrapper object at 0x1d38390&gt;</pre></td>
                  </tr>
                
                  <tr>
                    <td>sql</td>
                    <td class="code"><pre>u&#39;INSERT INTO &quot;server_reading&quot; (&quot;timestamp&quot;, &quot;device_id&quot;, &quot;trip_id&quot;, &quot;sensor_id&quot;, &quot;sensor_value&quot;) VALUES (%s, %s, %s, %s, %s) RETURNING &quot;server_reading&quot;.&quot;id&quot;&#39;</pre></td>
                  </tr>
                
                  <tr>
                    <td>return_id</td>
                    <td class="code"><pre>True</pre></td>
                  </tr>
                
                  <tr>
                    <td>params</td>
                    <td class="code"><pre>(None, None, None, None, None)</pre></td>
                  </tr>
                
              </tbody>
            </table>
          
        </li>
      
        <li class="frame django">
          <code>/app/.heroku/python/lib/python2.7/site-packages/django/db/backends/util.py</code> in <code>execute</code>

          
            <div class="context" id="c30861216">
              
                <ol start="34" class="pre-context" id="pre30861216"><li onclick="toggle('pre30861216', 'post30861216')"><pre></pre></li><li onclick="toggle('pre30861216', 'post30861216')"><pre>class CursorDebugWrapper(CursorWrapper):</pre></li><li onclick="toggle('pre30861216', 'post30861216')"><pre></pre></li><li onclick="toggle('pre30861216', 'post30861216')"><pre>    def execute(self, sql, params=()):</pre></li><li onclick="toggle('pre30861216', 'post30861216')"><pre>        self.set_dirty()</pre></li><li onclick="toggle('pre30861216', 'post30861216')"><pre>        start = time()</pre></li><li onclick="toggle('pre30861216', 'post30861216')"><pre>        try:</pre></li></ol>
              
              <ol start="41" class="context-line"><li onclick="toggle('pre30861216', 'post30861216')"><pre>            return self.cursor.execute(sql, params)</pre> <span>...</span></li></ol>
              
                <ol start='42' class="post-context" id="post30861216"><li onclick="toggle('pre30861216', 'post30861216')"><pre>        finally:</pre></li><li onclick="toggle('pre30861216', 'post30861216')"><pre>            stop = time()</pre></li><li onclick="toggle('pre30861216', 'post30861216')"><pre>            duration = stop - start</pre></li><li onclick="toggle('pre30861216', 'post30861216')"><pre>            sql = self.db.ops.last_executed_query(self.cursor, sql, params)</pre></li><li onclick="toggle('pre30861216', 'post30861216')"><pre>            self.db.queries.append({</pre></li><li onclick="toggle('pre30861216', 'post30861216')"><pre>                &#39;sql&#39;: sql,</pre></li></ol>
              
            </div>
          

          
            <div class="commands">
                
                    <a href="#" onclick="return varToggle(this, '30861216')"><span>&#x25b6;</span> Local vars</a>
                
            </div>
            <table class="vars" id="v30861216">
              <thead>
                <tr>
                  <th>Variable</th>
                  <th>Value</th>
                </tr>
              </thead>
              <tbody>
                
                  <tr>
                    <td>duration</td>
                    <td class="code"><pre>0.021821022033691406</pre></td>
                  </tr>
                
                  <tr>
                    <td>stop</td>
                    <td class="code"><pre>1380414905.832114</pre></td>
                  </tr>
                
                  <tr>
                    <td>sql</td>
                    <td class="code"><pre>u&#39;INSERT INTO &quot;server_reading&quot; (&quot;timestamp&quot;, &quot;device_id&quot;, &quot;trip_id&quot;, &quot;sensor_id&quot;, &quot;sensor_value&quot;) VALUES (NULL, NULL, NULL, NULL, NULL) RETURNING &quot;server_reading&quot;.&quot;id&quot;&#39;</pre></td>
                  </tr>
                
                  <tr>
                    <td>params</td>
                    <td class="code"><pre>(None, None, None, None, None)</pre></td>
                  </tr>
                
                  <tr>
                    <td>start</td>
                    <td class="code"><pre>1380414905.810293</pre></td>
                  </tr>
                
                  <tr>
                    <td>self</td>
                    <td class="code"><pre>&lt;django.db.backends.util.CursorDebugWrapper object at 0x1d38390&gt;</pre></td>
                  </tr>
                
              </tbody>
            </table>
          
        </li>
      
        <li class="frame django">
          <code>/app/.heroku/python/lib/python2.7/site-packages/django/db/backends/postgresql_psycopg2/base.py</code> in <code>execute</code>

          
            <div class="context" id="c30859560">
              
                <ol start="49" class="pre-context" id="pre30859560"><li onclick="toggle('pre30859560', 'post30859560')"><pre>    def __init__(self, cursor):</pre></li><li onclick="toggle('pre30859560', 'post30859560')"><pre>        self.cursor = cursor</pre></li><li onclick="toggle('pre30859560', 'post30859560')"><pre></pre></li><li onclick="toggle('pre30859560', 'post30859560')"><pre>    def execute(self, query, args=None):</pre></li><li onclick="toggle('pre30859560', 'post30859560')"><pre>        try:</pre></li><li onclick="toggle('pre30859560', 'post30859560')"><pre>            return self.cursor.execute(query, args)</pre></li><li onclick="toggle('pre30859560', 'post30859560')"><pre>        except Database.IntegrityError as e:</pre></li></ol>
              
              <ol start="56" class="context-line"><li onclick="toggle('pre30859560', 'post30859560')"><pre>            six.reraise(utils.IntegrityError, utils.IntegrityError(*tuple(e.args)), sys.exc_info()[2])</pre> <span>...</span></li></ol>
              
                <ol start='57' class="post-context" id="post30859560"><li onclick="toggle('pre30859560', 'post30859560')"><pre>        except Database.DatabaseError as e:</pre></li><li onclick="toggle('pre30859560', 'post30859560')"><pre>            six.reraise(utils.DatabaseError, utils.DatabaseError(*tuple(e.args)), sys.exc_info()[2])</pre></li><li onclick="toggle('pre30859560', 'post30859560')"><pre></pre></li><li onclick="toggle('pre30859560', 'post30859560')"><pre>    def executemany(self, query, args):</pre></li><li onclick="toggle('pre30859560', 'post30859560')"><pre>        try:</pre></li><li onclick="toggle('pre30859560', 'post30859560')"><pre>            return self.cursor.executemany(query, args)</pre></li></ol>
              
            </div>
          

          
            <div class="commands">
                
                    <a href="#" onclick="return varToggle(this, '30859560')"><span>&#x25b6;</span> Local vars</a>
                
            </div>
            <table class="vars" id="v30859560">
              <thead>
                <tr>
                  <th>Variable</th>
                  <th>Value</th>
                </tr>
              </thead>
              <tbody>
                
                  <tr>
                    <td>args</td>
                    <td class="code"><pre>(None, None, None, None, None)</pre></td>
                  </tr>
                
                  <tr>
                    <td>e</td>
                    <td class="code"><pre>IntegrityError(&#39;null value in column &quot;timestamp&quot; violates not-null constraint\nDETAIL:  Failing row contains (6, null, null, null, null, null).\n&#39;,)</pre></td>
                  </tr>
                
                  <tr>
                    <td>query</td>
                    <td class="code"><pre>u&#39;INSERT INTO &quot;server_reading&quot; (&quot;timestamp&quot;, &quot;device_id&quot;, &quot;trip_id&quot;, &quot;sensor_id&quot;, &quot;sensor_value&quot;) VALUES (%s, %s, %s, %s, %s) RETURNING &quot;server_reading&quot;.&quot;id&quot;&#39;</pre></td>
                  </tr>
                
                  <tr>
                    <td>self</td>
                    <td class="code"><pre>&lt;django.db.backends.postgresql_psycopg2.base.CursorWrapper object at 0x1d38750&gt;</pre></td>
                  </tr>
                
              </tbody>
            </table>
          
        </li>
      
        <li class="frame django">
          <code>/app/.heroku/python/lib/python2.7/site-packages/django/db/backends/postgresql_psycopg2/base.py</code> in <code>execute</code>

          
            <div class="context" id="c31033536">
              
                <ol start="47" class="pre-context" id="pre31033536"><li onclick="toggle('pre31033536', 'post31033536')"><pre>    &quot;&quot;&quot;</pre></li><li onclick="toggle('pre31033536', 'post31033536')"><pre></pre></li><li onclick="toggle('pre31033536', 'post31033536')"><pre>    def __init__(self, cursor):</pre></li><li onclick="toggle('pre31033536', 'post31033536')"><pre>        self.cursor = cursor</pre></li><li onclick="toggle('pre31033536', 'post31033536')"><pre></pre></li><li onclick="toggle('pre31033536', 'post31033536')"><pre>    def execute(self, query, args=None):</pre></li><li onclick="toggle('pre31033536', 'post31033536')"><pre>        try:</pre></li></ol>
              
              <ol start="54" class="context-line"><li onclick="toggle('pre31033536', 'post31033536')"><pre>            return self.cursor.execute(query, args)</pre> <span>...</span></li></ol>
              
                <ol start='55' class="post-context" id="post31033536"><li onclick="toggle('pre31033536', 'post31033536')"><pre>        except Database.IntegrityError as e:</pre></li><li onclick="toggle('pre31033536', 'post31033536')"><pre>            six.reraise(utils.IntegrityError, utils.IntegrityError(*tuple(e.args)), sys.exc_info()[2])</pre></li><li onclick="toggle('pre31033536', 'post31033536')"><pre>        except Database.DatabaseError as e:</pre></li><li onclick="toggle('pre31033536', 'post31033536')"><pre>            six.reraise(utils.DatabaseError, utils.DatabaseError(*tuple(e.args)), sys.exc_info()[2])</pre></li><li onclick="toggle('pre31033536', 'post31033536')"><pre></pre></li><li onclick="toggle('pre31033536', 'post31033536')"><pre>    def executemany(self, query, args):</pre></li></ol>
              
            </div>
          

          
            <div class="commands">
                
                    <a href="#" onclick="return varToggle(this, '31033536')"><span>&#x25b6;</span> Local vars</a>
                
            </div>
            <table class="vars" id="v31033536">
              <thead>
                <tr>
                  <th>Variable</th>
                  <th>Value</th>
                </tr>
              </thead>
              <tbody>
                
                  <tr>
                    <td>args</td>
                    <td class="code"><pre>(None, None, None, None, None)</pre></td>
                  </tr>
                
                  <tr>
                    <td>e</td>
                    <td class="code"><pre>IntegrityError(&#39;null value in column &quot;timestamp&quot; violates not-null constraint\nDETAIL:  Failing row contains (6, null, null, null, null, null).\n&#39;,)</pre></td>
                  </tr>
                
                  <tr>
                    <td>query</td>
                    <td class="code"><pre>u&#39;INSERT INTO &quot;server_reading&quot; (&quot;timestamp&quot;, &quot;device_id&quot;, &quot;trip_id&quot;, &quot;sensor_id&quot;, &quot;sensor_value&quot;) VALUES (%s, %s, %s, %s, %s) RETURNING &quot;server_reading&quot;.&quot;id&quot;&#39;</pre></td>
                  </tr>
                
                  <tr>
                    <td>self</td>
                    <td class="code"><pre>&lt;django.db.backends.postgresql_psycopg2.base.CursorWrapper object at 0x1d38750&gt;</pre></td>
                  </tr>
                
              </tbody>
            </table>
          
        </li>
      
    </ul>
  </div>
  
  <form action="http://dpaste.com/" name="pasteform" id="pasteform" method="post">

  <div id="pastebinTraceback" class="pastebin">
    <input type="hidden" name="language" value="PythonConsole">
    <input type="hidden" name="title" value="IntegrityError at /">
    <input type="hidden" name="source" value="Django Dpaste Agent">
    <input type="hidden" name="poster" value="Django">
    <textarea name="content" id="traceback_area" cols="140" rows="25">
Environment:


Request Method: POST
Request URL: http://powerful-sands-3128.herokuapp.com/

Django Version: 1.5.4
Python Version: 2.7.4
Installed Applications:
(&#39;django.contrib.auth&#39;,
 &#39;django.contrib.contenttypes&#39;,
 &#39;django.contrib.sessions&#39;,
 &#39;django.contrib.sites&#39;,
 &#39;django.contrib.messages&#39;,
 &#39;django.contrib.staticfiles&#39;,
 &#39;django.contrib.admin&#39;,
 &#39;django.contrib.admindocs&#39;,
 &#39;server&#39;)
Installed Middleware:
(&#39;django.middleware.common.CommonMiddleware&#39;,
 &#39;django.contrib.sessions.middleware.SessionMiddleware&#39;,
 &#39;django.middleware.csrf.CsrfViewMiddleware&#39;,
 &#39;django.contrib.auth.middleware.AuthenticationMiddleware&#39;,
 &#39;django.contrib.messages.middleware.MessageMiddleware&#39;)


Traceback:
File "/app/.heroku/python/lib/python2.7/site-packages/django/core/handlers/base.py" in get_response
  115.                         response = callback(request, *callback_args, **callback_kwargs)
File "/app/.heroku/python/lib/python2.7/site-packages/django/views/decorators/csrf.py" in wrapped_view
  77.         return view_func(*args, **kwargs)
File "/app/.heroku/python/lib/python2.7/site-packages/django/views/generic/base.py" in view
  68.             return self.dispatch(request, *args, **kwargs)
File "/app/.heroku/python/lib/python2.7/site-packages/django/views/generic/base.py" in dispatch
  86.         return handler(request, *args, **kwargs)
File "/app/server/views.py" in post
  25.         reading.save()
File "/app/.heroku/python/lib/python2.7/site-packages/django/db/models/base.py" in save
  546.                        force_update=force_update, update_fields=update_fields)
File "/app/.heroku/python/lib/python2.7/site-packages/django/db/models/base.py" in save_base
  650.                 result = manager._insert([self], fields=fields, return_id=update_pk, using=using, raw=raw)
File "/app/.heroku/python/lib/python2.7/site-packages/django/db/models/manager.py" in _insert
  215.         return insert_query(self.model, objs, fields, **kwargs)
File "/app/.heroku/python/lib/python2.7/site-packages/django/db/models/query.py" in insert_query
  1675.     return query.get_compiler(using=using).execute_sql(return_id)
File "/app/.heroku/python/lib/python2.7/site-packages/django/db/models/sql/compiler.py" in execute_sql
  937.             cursor.execute(sql, params)
File "/app/.heroku/python/lib/python2.7/site-packages/django/db/backends/util.py" in execute
  41.             return self.cursor.execute(sql, params)
File "/app/.heroku/python/lib/python2.7/site-packages/django/db/backends/postgresql_psycopg2/base.py" in execute
  56.             six.reraise(utils.IntegrityError, utils.IntegrityError(*tuple(e.args)), sys.exc_info()[2])
File "/app/.heroku/python/lib/python2.7/site-packages/django/db/backends/postgresql_psycopg2/base.py" in execute
  54.             return self.cursor.execute(query, args)

Exception Type: IntegrityError at /
Exception Value: null value in column &quot;timestamp&quot; violates not-null constraint
DETAIL:  Failing row contains (6, null, null, null, null, null).

</textarea>
  <br><br>
  <input type="submit" value="Share this traceback on a public Web site">
  </div>
</form>
</div>



<div id="requestinfo">
  <h2>Request information</h2>


  <h3 id="get-info">GET</h3>
  
    <p>No GET data</p>
  

  <h3 id="post-info">POST</h3>
  
    <table class="req">
      <thead>
        <tr>
          <th>Variable</th>
          <th>Value</th>
        </tr>
      </thead>
      <tbody>
        
          <tr>
            <td>t</td>
            <td class="code"><pre>u&#39;123&#39;</pre></td>
          </tr>
        
          <tr>
            <td>sensor_id</td>
            <td class="code"><pre>u&#39;4&#39;</pre></td>
          </tr>
        
          <tr>
            <td>tripID</td>
            <td class="code"><pre>u&#39;3&#39;</pre></td>
          </tr>
        
          <tr>
            <td>sensor_value</td>
            <td class="code"><pre>u&#39;9&#39;</pre></td>
          </tr>
        
          <tr>
            <td>devID</td>
            <td class="code"><pre>u&#39;18&#39;</pre></td>
          </tr>
        
      </tbody>
    </table>
  
  <h3 id="files-info">FILES</h3>
  
    <p>No FILES data</p>
  


  <h3 id="cookie-info">COOKIES</h3>
  
    <p>No cookie data</p>
  

  <h3 id="meta-info">META</h3>
  <table class="req">
    <thead>
      <tr>
        <th>Variable</th>
        <th>Value</th>
      </tr>
    </thead>
    <tbody>
      
        <tr>
          <td>HTTP_HOST</td>
          <td class="code"><pre>&#39;powerful-sands-3128.herokuapp.com&#39;</pre></td>
        </tr>
      
        <tr>
          <td>HTTP_X_FORWARDED_FOR</td>
          <td class="code"><pre>&#39;12.189.20.126&#39;</pre></td>
        </tr>
      
        <tr>
          <td>REQUEST_METHOD</td>
          <td class="code"><pre>&#39;POST&#39;</pre></td>
        </tr>
      
        <tr>
          <td>REMOTE_ADDR</td>
          <td class="code"><pre>&#39;10.62.95.9&#39;</pre></td>
        </tr>
      
        <tr>
          <td>HTTP_CONNECTION</td>
          <td class="code"><pre>&#39;close&#39;</pre></td>
        </tr>
      
        <tr>
          <td>wsgi.url_scheme</td>
          <td class="code"><pre>&#39;http&#39;</pre></td>
        </tr>
      
        <tr>
          <td>HTTP_USER_AGENT</td>
          <td class="code"><pre>&#39;curl/7.21.4 (universal-apple-darwin11.0) libcurl/7.21.4 OpenSSL/0.9.8x zlib/1.2.5&#39;</pre></td>
        </tr>
      
        <tr>
          <td>RAW_URI</td>
          <td class="code"><pre>&#39;/&#39;</pre></td>
        </tr>
      
        <tr>
          <td>HTTP_X_FORWARDED_PORT</td>
          <td class="code"><pre>&#39;80&#39;</pre></td>
        </tr>
      
        <tr>
          <td>QUERY_STRING</td>
          <td class="code"><pre>&#39;&#39;</pre></td>
        </tr>
      
        <tr>
          <td>CONTENT_LENGTH</td>
          <td class="code"><pre>&#39;50&#39;</pre></td>
        </tr>
      
        <tr>
          <td>wsgi.errors</td>
          <td class="code"><pre>&lt;open file &#39;&lt;stderr&gt;&#39;, mode &#39;w&#39; at 0x7f0e3c8691e0&gt;</pre></td>
        </tr>
      
        <tr>
          <td>CONTENT_TYPE</td>
          <td class="code"><pre>&#39;application/x-www-form-urlencoded&#39;</pre></td>
        </tr>
      
        <tr>
          <td>wsgi.file_wrapper</td>
          <td class="code"><pre>&#39;&#39;</pre></td>
        </tr>
      
        <tr>
          <td>HTTP_X_REQUEST_START</td>
          <td class="code"><pre>&#39;1380414904840&#39;</pre></td>
        </tr>
      
        <tr>
          <td>HTTP_X_FORWARDED_PROTO</td>
          <td class="code"><pre>&#39;http&#39;</pre></td>
        </tr>
      
        <tr>
          <td>wsgi.input</td>
          <td class="code"><pre>&lt;gunicorn.http.body.Body object at 0x1d38d90&gt;</pre></td>
        </tr>
      
        <tr>
          <td>wsgi.multiprocess</td>
          <td class="code"><pre>False</pre></td>
        </tr>
      
        <tr>
          <td>wsgi.version</td>
          <td class="code"><pre>(1, 0)</pre></td>
        </tr>
      
        <tr>
          <td>CSRF_COOKIE</td>
          <td class="code"><pre>u&#39;y9Xd1s9lx2UFmvaHSo20xIcM2nMzTo8z&#39;</pre></td>
        </tr>
      
        <tr>
          <td>SCRIPT_NAME</td>
          <td class="code"><pre>u&#39;&#39;</pre></td>
        </tr>
      
        <tr>
          <td>SERVER_SOFTWARE</td>
          <td class="code"><pre>&#39;gunicorn/0.17.2&#39;</pre></td>
        </tr>
      
        <tr>
          <td>SERVER_PROTOCOL</td>
          <td class="code"><pre>&#39;HTTP/1.1&#39;</pre></td>
        </tr>
      
        <tr>
          <td>SERVER_NAME</td>
          <td class="code"><pre>&#39;powerful-sands-3128.herokuapp.com&#39;</pre></td>
        </tr>
      
        <tr>
          <td>wsgi.multithread</td>
          <td class="code"><pre>False</pre></td>
        </tr>
      
        <tr>
          <td>wsgi.run_once</td>
          <td class="code"><pre>False</pre></td>
        </tr>
      
        <tr>
          <td>SERVER_PORT</td>
          <td class="code"><pre>&#39;80&#39;</pre></td>
        </tr>
      
        <tr>
          <td>PATH_INFO</td>
          <td class="code"><pre>u&#39;/&#39;</pre></td>
        </tr>
      
        <tr>
          <td>HTTP_ACCEPT</td>
          <td class="code"><pre>&#39;*/*&#39;</pre></td>
        </tr>
      
        <tr>
          <td>gunicorn.socket</td>
          <td class="code"><pre>&lt;socket._socketobject object at 0x1df43d0&gt;</pre></td>
        </tr>
      
        <tr>
          <td>REMOTE_PORT</td>
          <td class="code"><pre>&#39;55007&#39;</pre></td>
        </tr>
      
    </tbody>
  </table>


  <h3 id="settings-info">Settings</h3>
  <h4>Using settings module <code>server.settings</code></h4>
  <table class="req">
    <thead>
      <tr>
        <th>Setting</th>
        <th>Value</th>
      </tr>
    </thead>
    <tbody>
      
        <tr>
          <td>NUMBER_GROUPING</td>
          <td class="code"><pre>0</pre></td>
        </tr>
      
        <tr>
          <td>BASE_DIR</td>
          <td class="code"><pre>&#39;/app/server&#39;</pre></td>
        </tr>
      
        <tr>
          <td>USE_I18N</td>
          <td class="code"><pre>True</pre></td>
        </tr>
      
        <tr>
          <td>TEMPLATE_STRING_IF_INVALID</td>
          <td class="code"><pre>&#39;&#39;</pre></td>
        </tr>
      
        <tr>
          <td>CSRF_COOKIE_SECURE</td>
          <td class="code"><pre>False</pre></td>
        </tr>
      
        <tr>
          <td>STATICFILES_FINDERS</td>
          <td class="code"><pre>(&#39;django.contrib.staticfiles.finders.FileSystemFinder&#39;,
 &#39;django.contrib.staticfiles.finders.AppDirectoriesFinder&#39;)</pre></td>
        </tr>
      
        <tr>
          <td>LANGUAGES_BIDI</td>
          <td class="code"><pre>(&#39;he&#39;, &#39;ar&#39;, &#39;fa&#39;)</pre></td>
        </tr>
      
        <tr>
          <td>SESSION_COOKIE_AGE</td>
          <td class="code"><pre>1209600</pre></td>
        </tr>
      
        <tr>
          <td>SESSION_COOKIE_HTTPONLY</td>
          <td class="code"><pre>True</pre></td>
        </tr>
      
        <tr>
          <td>MEDIA_ROOT</td>
          <td class="code"><pre>&#39;&#39;</pre></td>
        </tr>
      
        <tr>
          <td>SESSION_COOKIE_DOMAIN</td>
          <td class="code"><pre>None</pre></td>
        </tr>
      
        <tr>
          <td>DEFAULT_FROM_EMAIL</td>
          <td class="code"><pre>&#39;webmaster@localhost&#39;</pre></td>
        </tr>
      
        <tr>
          <td>DISALLOWED_USER_AGENTS</td>
          <td class="code"><pre>()</pre></td>
        </tr>
      
        <tr>
          <td>ROOT_URLCONF</td>
          <td class="code"><pre>&#39;server.urls&#39;</pre></td>
        </tr>
      
        <tr>
          <td>SHORT_DATETIME_FORMAT</td>
          <td class="code"><pre>&#39;m/d/Y P&#39;</pre></td>
        </tr>
      
        <tr>
          <td>AUTH_USER_MODEL</td>
          <td class="code"><pre>&#39;auth.User&#39;</pre></td>
        </tr>
      
        <tr>
          <td>LOGIN_URL</td>
          <td class="code"><pre>&#39;/accounts/login/&#39;</pre></td>
        </tr>
      
        <tr>
          <td>FORCE_SCRIPT_NAME</td>
          <td class="code"><pre>None</pre></td>
        </tr>
      
        <tr>
          <td>DEFAULT_EXCEPTION_REPORTER_FILTER</td>
          <td class="code"><pre>&#39;django.views.debug.SafeExceptionReporterFilter&#39;</pre></td>
        </tr>
      
        <tr>
          <td>SEND_BROKEN_LINK_EMAILS</td>
          <td class="code"><pre>False</pre></td>
        </tr>
      
        <tr>
          <td>STATICFILES_STORAGE</td>
          <td class="code"><pre>&#39;django.contrib.staticfiles.storage.StaticFilesStorage&#39;</pre></td>
        </tr>
      
        <tr>
          <td>COMMENTS_ALLOW_PROFANITIES</td>
          <td class="code"><pre>False</pre></td>
        </tr>
      
        <tr>
          <td>FILE_UPLOAD_HANDLERS</td>
          <td class="code"><pre>(&#39;django.core.files.uploadhandler.MemoryFileUploadHandler&#39;,
 &#39;django.core.files.uploadhandler.TemporaryFileUploadHandler&#39;)</pre></td>
        </tr>
      
        <tr>
          <td>SERVER_EMAIL</td>
          <td class="code"><pre>&#39;root@localhost&#39;</pre></td>
        </tr>
      
        <tr>
          <td>ADMINS</td>
          <td class="code"><pre>()</pre></td>
        </tr>
      
        <tr>
          <td>CACHE_MIDDLEWARE_KEY_PREFIX</td>
          <td class="code"><pre>u&#39;********************&#39;</pre></td>
        </tr>
      
        <tr>
          <td>X_FRAME_OPTIONS</td>
          <td class="code"><pre>&#39;SAMEORIGIN&#39;</pre></td>
        </tr>
      
        <tr>
          <td>CSRF_COOKIE_DOMAIN</td>
          <td class="code"><pre>None</pre></td>
        </tr>
      
        <tr>
          <td>MIDDLEWARE_CLASSES</td>
          <td class="code"><pre>(&#39;django.middleware.common.CommonMiddleware&#39;,
 &#39;django.contrib.sessions.middleware.SessionMiddleware&#39;,
 &#39;django.middleware.csrf.CsrfViewMiddleware&#39;,
 &#39;django.contrib.auth.middleware.AuthenticationMiddleware&#39;,
 &#39;django.contrib.messages.middleware.MessageMiddleware&#39;)</pre></td>
        </tr>
      
        <tr>
          <td>LOGGING</td>
          <td class="code"><pre>{&#39;disable_existing_loggers&#39;: False,
 &#39;filters&#39;: {&#39;require_debug_false&#39;: {&#39;()&#39;: &#39;django.utils.log.RequireDebugFalse&#39;}},
 &#39;handlers&#39;: {&#39;mail_admins&#39;: {&#39;class&#39;: &#39;django.utils.log.AdminEmailHandler&#39;,
                              &#39;filters&#39;: [&#39;require_debug_false&#39;],
                              &#39;level&#39;: &#39;ERROR&#39;}},
 &#39;loggers&#39;: {&#39;django.request&#39;: {&#39;handlers&#39;: [&#39;mail_admins&#39;],
                                &#39;level&#39;: &#39;ERROR&#39;,
                                &#39;propagate&#39;: True}},
 &#39;version&#39;: 1}</pre></td>
        </tr>
      
        <tr>
          <td>PROFANITIES_LIST</td>
          <td class="code"><pre>u&#39;********************&#39;</pre></td>
        </tr>
      
        <tr>
          <td>SITE_ID</td>
          <td class="code"><pre>1</pre></td>
        </tr>
      
        <tr>
          <td>TRANSACTIONS_MANAGED</td>
          <td class="code"><pre>False</pre></td>
        </tr>
      
        <tr>
          <td>APPEND_SLASH</td>
          <td class="code"><pre>True</pre></td>
        </tr>
      
        <tr>
          <td>EMAIL_BACKEND</td>
          <td class="code"><pre>&#39;django.core.mail.backends.smtp.EmailBackend&#39;</pre></td>
        </tr>
      
        <tr>
          <td>USE_X_FORWARDED_HOST</td>
          <td class="code"><pre>False</pre></td>
        </tr>
      
        <tr>
          <td>CSRF_FAILURE_VIEW</td>
          <td class="code"><pre>&#39;django.views.csrf.csrf_failure&#39;</pre></td>
        </tr>
      
        <tr>
          <td>SECRET_KEY</td>
          <td class="code"><pre>u&#39;********************&#39;</pre></td>
        </tr>
      
        <tr>
          <td>LOGOUT_URL</td>
          <td class="code"><pre>&#39;/accounts/logout/&#39;</pre></td>
        </tr>
      
        <tr>
          <td>TEMPLATE_DEBUG</td>
          <td class="code"><pre>True</pre></td>
        </tr>
      
        <tr>
          <td>INSTALLED_APPS</td>
          <td class="code"><pre>(&#39;django.contrib.auth&#39;,
 &#39;django.contrib.contenttypes&#39;,
 &#39;django.contrib.sessions&#39;,
 &#39;django.contrib.sites&#39;,
 &#39;django.contrib.messages&#39;,
 &#39;django.contrib.staticfiles&#39;,
 &#39;django.contrib.admin&#39;,
 &#39;django.contrib.admindocs&#39;,
 &#39;server&#39;)</pre></td>
        </tr>
      
        <tr>
          <td>FIXTURE_DIRS</td>
          <td class="code"><pre>()</pre></td>
        </tr>
      
        <tr>
          <td>WSGI_APPLICATION</td>
          <td class="code"><pre>&#39;server.wsgi.application&#39;</pre></td>
        </tr>
      
        <tr>
          <td>SESSION_COOKIE_PATH</td>
          <td class="code"><pre>&#39;/&#39;</pre></td>
        </tr>
      
        <tr>
          <td>LOCALE_PATHS</td>
          <td class="code"><pre>()</pre></td>
        </tr>
      
        <tr>
          <td>LOGGING_CONFIG</td>
          <td class="code"><pre>&#39;django.utils.log.dictConfig&#39;</pre></td>
        </tr>
      
        <tr>
          <td>PASSWORD_RESET_TIMEOUT_DAYS</td>
          <td class="code"><pre>u&#39;********************&#39;</pre></td>
        </tr>
      
        <tr>
          <td>MONTH_DAY_FORMAT</td>
          <td class="code"><pre>&#39;F j&#39;</pre></td>
        </tr>
      
        <tr>
          <td>DATE_INPUT_FORMATS</td>
          <td class="code"><pre>(&#39;%Y-%m-%d&#39;,
 &#39;%m/%d/%Y&#39;,
 &#39;%m/%d/%y&#39;,
 &#39;%b %d %Y&#39;,
 &#39;%b %d, %Y&#39;,
 &#39;%d %b %Y&#39;,
 &#39;%d %b, %Y&#39;,
 &#39;%B %d %Y&#39;,
 &#39;%B %d, %Y&#39;,
 &#39;%d %B %Y&#39;,
 &#39;%d %B, %Y&#39;)</pre></td>
        </tr>
      
        <tr>
          <td>LOGIN_REDIRECT_URL</td>
          <td class="code"><pre>&#39;/accounts/profile/&#39;</pre></td>
        </tr>
      
        <tr>
          <td>ADMIN_FOR</td>
          <td class="code"><pre>()</pre></td>
        </tr>
      
        <tr>
          <td>DEFAULT_CHARSET</td>
          <td class="code"><pre>&#39;utf-8&#39;</pre></td>
        </tr>
      
        <tr>
          <td>SESSION_COOKIE_NAME</td>
          <td class="code"><pre>&#39;sessionid&#39;</pre></td>
        </tr>
      
        <tr>
          <td>STATIC_URL</td>
          <td class="code"><pre>&#39;/static/&#39;</pre></td>
        </tr>
      
        <tr>
          <td>DATE_FORMAT</td>
          <td class="code"><pre>&#39;N j, Y&#39;</pre></td>
        </tr>
      
        <tr>
          <td>PREPEND_WWW</td>
          <td class="code"><pre>False</pre></td>
        </tr>
      
        <tr>
          <td>TEMPLATE_CONTEXT_PROCESSORS</td>
          <td class="code"><pre>(&#39;django.contrib.auth.context_processors.auth&#39;,
 &#39;django.core.context_processors.debug&#39;,
 &#39;django.core.context_processors.i18n&#39;,
 &#39;django.core.context_processors.media&#39;,
 &#39;django.core.context_processors.static&#39;,
 &#39;django.core.context_processors.tz&#39;,
 &#39;django.contrib.messages.context_processors.messages&#39;)</pre></td>
        </tr>
      
        <tr>
          <td>EMAIL_HOST_PASSWORD</td>
          <td class="code"><pre>u&#39;********************&#39;</pre></td>
        </tr>
      
        <tr>
          <td>EMAIL_PORT</td>
          <td class="code"><pre>25</pre></td>
        </tr>
      
        <tr>
          <td>EMAIL_SUBJECT_PREFIX</td>
          <td class="code"><pre>&#39;[Django] &#39;</pre></td>
        </tr>
      
        <tr>
          <td>ALLOWED_HOSTS</td>
          <td class="code"><pre>[&#39;*&#39;]</pre></td>
        </tr>
      
        <tr>
          <td>YEAR_MONTH_FORMAT</td>
          <td class="code"><pre>&#39;F Y&#39;</pre></td>
        </tr>
      
        <tr>
          <td>EMAIL_HOST_USER</td>
          <td class="code"><pre>&#39;&#39;</pre></td>
        </tr>
      
        <tr>
          <td>CSRF_COOKIE_PATH</td>
          <td class="code"><pre>&#39;/&#39;</pre></td>
        </tr>
      
        <tr>
          <td>FILE_CHARSET</td>
          <td class="code"><pre>&#39;utf-8&#39;</pre></td>
        </tr>
      
        <tr>
          <td>ABSOLUTE_URL_OVERRIDES</td>
          <td class="code"><pre>{}</pre></td>
        </tr>
      
        <tr>
          <td>THOUSAND_SEPARATOR</td>
          <td class="code"><pre>&#39;,&#39;</pre></td>
        </tr>
      
        <tr>
          <td>IGNORABLE_404_URLS</td>
          <td class="code"><pre>()</pre></td>
        </tr>
      
        <tr>
          <td>STATIC_ROOT</td>
          <td class="code"><pre>&#39;staticfiles&#39;</pre></td>
        </tr>
      
        <tr>
          <td>ALLOWED_INCLUDE_ROOTS</td>
          <td class="code"><pre>()</pre></td>
        </tr>
      
        <tr>
          <td>CSRF_COOKIE_NAME</td>
          <td class="code"><pre>&#39;csrftoken&#39;</pre></td>
        </tr>
      
        <tr>
          <td>AUTHENTICATION_BACKENDS</td>
          <td class="code"><pre>(&#39;django.contrib.auth.backends.ModelBackend&#39;,)</pre></td>
        </tr>
      
        <tr>
          <td>FILE_UPLOAD_MAX_MEMORY_SIZE</td>
          <td class="code"><pre>2621440</pre></td>
        </tr>
      
        <tr>
          <td>CACHES</td>
          <td class="code"><pre>{&#39;default&#39;: {&#39;BACKEND&#39;: &#39;django.core.cache.backends.locmem.LocMemCache&#39;}}</pre></td>
        </tr>
      
        <tr>
          <td>MESSAGE_STORAGE</td>
          <td class="code"><pre>&#39;django.contrib.messages.storage.fallback.FallbackStorage&#39;</pre></td>
        </tr>
      
        <tr>
          <td>TIME_INPUT_FORMATS</td>
          <td class="code"><pre>(&#39;%H:%M:%S&#39;, &#39;%H:%M&#39;)</pre></td>
        </tr>
      
        <tr>
          <td>SIGNING_BACKEND</td>
          <td class="code"><pre>&#39;django.core.signing.TimestampSigner&#39;</pre></td>
        </tr>
      
        <tr>
          <td>MANAGERS</td>
          <td class="code"><pre>()</pre></td>
        </tr>
      
        <tr>
          <td>USE_THOUSAND_SEPARATOR</td>
          <td class="code"><pre>False</pre></td>
        </tr>
      
        <tr>
          <td>CACHE_MIDDLEWARE_SECONDS</td>
          <td class="code"><pre>600</pre></td>
        </tr>
      
        <tr>
          <td>DEBUG_PROPAGATE_EXCEPTIONS</td>
          <td class="code"><pre>False</pre></td>
        </tr>
      
        <tr>
          <td>FILE_UPLOAD_PERMISSIONS</td>
          <td class="code"><pre>None</pre></td>
        </tr>
      
        <tr>
          <td>SHORT_DATE_FORMAT</td>
          <td class="code"><pre>&#39;m/d/Y&#39;</pre></td>
        </tr>
      
        <tr>
          <td>FORMAT_MODULE_PATH</td>
          <td class="code"><pre>None</pre></td>
        </tr>
      
        <tr>
          <td>DATABASES</td>
          <td class="code"><pre>{&#39;default&#39;: {&#39;ENGINE&#39;: &#39;django.db.backends.postgresql_psycopg2&#39;,
             &#39;HOST&#39;: &#39;ec2-54-227-243-78.compute-1.amazonaws.com&#39;,
             &#39;NAME&#39;: &#39;d4nbmnvhike346&#39;,
             &#39;OPTIONS&#39;: {},
             &#39;PASSWORD&#39;: u&#39;********************&#39;,
             &#39;PORT&#39;: 5432,
             &#39;TEST_CHARSET&#39;: None,
             &#39;TEST_COLLATION&#39;: None,
             &#39;TEST_MIRROR&#39;: None,
             &#39;TEST_NAME&#39;: None,
             &#39;TIME_ZONE&#39;: &#39;UTC&#39;,
             &#39;USER&#39;: &#39;pjijlaypjdmyii&#39;}}</pre></td>
        </tr>
      
        <tr>
          <td>DEFAULT_TABLESPACE</td>
          <td class="code"><pre>&#39;&#39;</pre></td>
        </tr>
      
        <tr>
          <td>DATETIME_FORMAT</td>
          <td class="code"><pre>&#39;N j, Y, P&#39;</pre></td>
        </tr>
      
        <tr>
          <td>DATABASE_ROUTERS</td>
          <td class="code"><pre>[]</pre></td>
        </tr>
      
        <tr>
          <td>EMAIL_HOST</td>
          <td class="code"><pre>&#39;localhost&#39;</pre></td>
        </tr>
      
        <tr>
          <td>USE_ETAGS</td>
          <td class="code"><pre>False</pre></td>
        </tr>
      
        <tr>
          <td>PASSWORD_HASHERS</td>
          <td class="code"><pre>u&#39;********************&#39;</pre></td>
        </tr>
      
        <tr>
          <td>MEDIA_URL</td>
          <td class="code"><pre>&#39;&#39;</pre></td>
        </tr>
      
        <tr>
          <td>LANGUAGE_COOKIE_NAME</td>
          <td class="code"><pre>&#39;django_language&#39;</pre></td>
        </tr>
      
        <tr>
          <td>USE_TZ</td>
          <td class="code"><pre>True</pre></td>
        </tr>
      
        <tr>
          <td>SESSION_SERIALIZER</td>
          <td class="code"><pre>&#39;django.contrib.sessions.serializers.JSONSerializer&#39;</pre></td>
        </tr>
      
        <tr>
          <td>DATETIME_INPUT_FORMATS</td>
          <td class="code"><pre>(&#39;%Y-%m-%d %H:%M:%S&#39;,
 &#39;%Y-%m-%d %H:%M:%S.%f&#39;,
 &#39;%Y-%m-%d %H:%M&#39;,
 &#39;%Y-%m-%d&#39;,
 &#39;%m/%d/%Y %H:%M:%S&#39;,
 &#39;%m/%d/%Y %H:%M:%S.%f&#39;,
 &#39;%m/%d/%Y %H:%M&#39;,
 &#39;%m/%d/%Y&#39;,
 &#39;%m/%d/%y %H:%M:%S&#39;,
 &#39;%m/%d/%y %H:%M:%S.%f&#39;,
 &#39;%m/%d/%y %H:%M&#39;,
 &#39;%m/%d/%y&#39;)</pre></td>
        </tr>
      
        <tr>
          <td>TEMPLATE_DIRS</td>
          <td class="code"><pre>()</pre></td>
        </tr>
      
        <tr>
          <td>TIME_FORMAT</td>
          <td class="code"><pre>&#39;P&#39;</pre></td>
        </tr>
      
        <tr>
          <td>EMAIL_USE_TLS</td>
          <td class="code"><pre>False</pre></td>
        </tr>
      
        <tr>
          <td>TEST_RUNNER</td>
          <td class="code"><pre>&#39;django.test.simple.DjangoTestSuiteRunner&#39;</pre></td>
        </tr>
      
        <tr>
          <td>TEMPLATE_LOADERS</td>
          <td class="code"><pre>(&#39;django.template.loaders.filesystem.Loader&#39;,
 &#39;django.template.loaders.app_directories.Loader&#39;)</pre></td>
        </tr>
      
        <tr>
          <td>SECURE_PROXY_SSL_HEADER</td>
          <td class="code"><pre>(&#39;HTTP_X_FORWARDED_PROTO&#39;, &#39;https&#39;)</pre></td>
        </tr>
      
        <tr>
          <td>DEFAULT_CONTENT_TYPE</td>
          <td class="code"><pre>&#39;text/html&#39;</pre></td>
        </tr>
      
        <tr>
          <td>SESSION_EXPIRE_AT_BROWSER_CLOSE</td>
          <td class="code"><pre>False</pre></td>
        </tr>
      
        <tr>
          <td>SETTINGS_MODULE</td>
          <td class="code"><pre>&#39;server.settings&#39;</pre></td>
        </tr>
      
        <tr>
          <td>INTERNAL_IPS</td>
          <td class="code"><pre>()</pre></td>
        </tr>
      
        <tr>
          <td>DECIMAL_SEPARATOR</td>
          <td class="code"><pre>&#39;.&#39;</pre></td>
        </tr>
      
        <tr>
          <td>FILE_UPLOAD_TEMP_DIR</td>
          <td class="code"><pre>None</pre></td>
        </tr>
      
        <tr>
          <td>DEFAULT_FILE_STORAGE</td>
          <td class="code"><pre>&#39;django.core.files.storage.FileSystemStorage&#39;</pre></td>
        </tr>
      
        <tr>
          <td>SESSION_FILE_PATH</td>
          <td class="code"><pre>None</pre></td>
        </tr>
      
        <tr>
          <td>FIRST_DAY_OF_WEEK</td>
          <td class="code"><pre>0</pre></td>
        </tr>
      
        <tr>
          <td>SESSION_CACHE_ALIAS</td>
          <td class="code"><pre>&#39;default&#39;</pre></td>
        </tr>
      
        <tr>
          <td>TIME_ZONE</td>
          <td class="code"><pre>&#39;America/Chicago&#39;</pre></td>
        </tr>
      
        <tr>
          <td>STATICFILES_DIRS</td>
          <td class="code"><pre>(&#39;/app/server/static&#39;,)</pre></td>
        </tr>
      
        <tr>
          <td>LANGUAGE_CODE</td>
          <td class="code"><pre>&#39;en-us&#39;</pre></td>
        </tr>
      
        <tr>
          <td>LANGUAGES</td>
          <td class="code"><pre>((&#39;af&#39;, &#39;Afrikaans&#39;),
 (&#39;ar&#39;, &#39;Arabic&#39;),
 (&#39;az&#39;, &#39;Azerbaijani&#39;),
 (&#39;bg&#39;, &#39;Bulgarian&#39;),
 (&#39;be&#39;, &#39;Belarusian&#39;),
 (&#39;bn&#39;, &#39;Bengali&#39;),
 (&#39;br&#39;, &#39;Breton&#39;),
 (&#39;bs&#39;, &#39;Bosnian&#39;),
 (&#39;ca&#39;, &#39;Catalan&#39;),
 (&#39;cs&#39;, &#39;Czech&#39;),
 (&#39;cy&#39;, &#39;Welsh&#39;),
 (&#39;da&#39;, &#39;Danish&#39;),
 (&#39;de&#39;, &#39;German&#39;),
 (&#39;el&#39;, &#39;Greek&#39;),
 (&#39;en&#39;, &#39;English&#39;),
 (&#39;en-gb&#39;, &#39;British English&#39;),
 (&#39;eo&#39;, &#39;Esperanto&#39;),
 (&#39;es&#39;, &#39;Spanish&#39;),
 (&#39;es-ar&#39;, &#39;Argentinian Spanish&#39;),
 (&#39;es-mx&#39;, &#39;Mexican Spanish&#39;),
 (&#39;es-ni&#39;, &#39;Nicaraguan Spanish&#39;),
 (&#39;es-ve&#39;, &#39;Venezuelan Spanish&#39;),
 (&#39;et&#39;, &#39;Estonian&#39;),
 (&#39;eu&#39;, &#39;Basque&#39;),
 (&#39;fa&#39;, &#39;Persian&#39;),
 (&#39;fi&#39;, &#39;Finnish&#39;),
 (&#39;fr&#39;, &#39;French&#39;),
 (&#39;fy-nl&#39;, &#39;Frisian&#39;),
 (&#39;ga&#39;, &#39;Irish&#39;),
 (&#39;gl&#39;, &#39;Galician&#39;),
 (&#39;he&#39;, &#39;Hebrew&#39;),
 (&#39;hi&#39;, &#39;Hindi&#39;),
 (&#39;hr&#39;, &#39;Croatian&#39;),
 (&#39;hu&#39;, &#39;Hungarian&#39;),
 (&#39;ia&#39;, &#39;Interlingua&#39;),
 (&#39;id&#39;, &#39;Indonesian&#39;),
 (&#39;is&#39;, &#39;Icelandic&#39;),
 (&#39;it&#39;, &#39;Italian&#39;),
 (&#39;ja&#39;, &#39;Japanese&#39;),
 (&#39;ka&#39;, &#39;Georgian&#39;),
 (&#39;kk&#39;, &#39;Kazakh&#39;),
 (&#39;km&#39;, &#39;Khmer&#39;),
 (&#39;kn&#39;, &#39;Kannada&#39;),
 (&#39;ko&#39;, &#39;Korean&#39;),
 (&#39;lb&#39;, &#39;Luxembourgish&#39;),
 (&#39;lt&#39;, &#39;Lithuanian&#39;),
 (&#39;lv&#39;, &#39;Latvian&#39;),
 (&#39;mk&#39;, &#39;Macedonian&#39;),
 (&#39;ml&#39;, &#39;Malayalam&#39;),
 (&#39;mn&#39;, &#39;Mongolian&#39;),
 (&#39;nb&#39;, &#39;Norwegian Bokmal&#39;),
 (&#39;ne&#39;, &#39;Nepali&#39;),
 (&#39;nl&#39;, &#39;Dutch&#39;),
 (&#39;nn&#39;, &#39;Norwegian Nynorsk&#39;),
 (&#39;pa&#39;, &#39;Punjabi&#39;),
 (&#39;pl&#39;, &#39;Polish&#39;),
 (&#39;pt&#39;, &#39;Portuguese&#39;),
 (&#39;pt-br&#39;, &#39;Brazilian Portuguese&#39;),
 (&#39;ro&#39;, &#39;Romanian&#39;),
 (&#39;ru&#39;, &#39;Russian&#39;),
 (&#39;sk&#39;, &#39;Slovak&#39;),
 (&#39;sl&#39;, &#39;Slovenian&#39;),
 (&#39;sq&#39;, &#39;Albanian&#39;),
 (&#39;sr&#39;, &#39;Serbian&#39;),
 (&#39;sr-latn&#39;, &#39;Serbian Latin&#39;),
 (&#39;sv&#39;, &#39;Swedish&#39;),
 (&#39;sw&#39;, &#39;Swahili&#39;),
 (&#39;ta&#39;, &#39;Tamil&#39;),
 (&#39;te&#39;, &#39;Telugu&#39;),
 (&#39;th&#39;, &#39;Thai&#39;),
 (&#39;tr&#39;, &#39;Turkish&#39;),
 (&#39;tt&#39;, &#39;Tatar&#39;),
 (&#39;udm&#39;, &#39;Udmurt&#39;),
 (&#39;uk&#39;, &#39;Ukrainian&#39;),
 (&#39;ur&#39;, &#39;Urdu&#39;),
 (&#39;vi&#39;, &#39;Vietnamese&#39;),
 (&#39;zh-cn&#39;, &#39;Simplified Chinese&#39;),
 (&#39;zh-tw&#39;, &#39;Traditional Chinese&#39;))</pre></td>
        </tr>
      
        <tr>
          <td>SESSION_COOKIE_SECURE</td>
          <td class="code"><pre>False</pre></td>
        </tr>
      
        <tr>
          <td>SESSION_ENGINE</td>
          <td class="code"><pre>&#39;django.contrib.sessions.backends.db&#39;</pre></td>
        </tr>
      
        <tr>
          <td>CACHE_MIDDLEWARE_ALIAS</td>
          <td class="code"><pre>&#39;default&#39;</pre></td>
        </tr>
      
        <tr>
          <td>SESSION_SAVE_EVERY_REQUEST</td>
          <td class="code"><pre>False</pre></td>
        </tr>
      
        <tr>
          <td>USE_L10N</td>
          <td class="code"><pre>True</pre></td>
        </tr>
      
        <tr>
          <td>DEFAULT_INDEX_TABLESPACE</td>
          <td class="code"><pre>&#39;&#39;</pre></td>
        </tr>
      
        <tr>
          <td>DEBUG</td>
          <td class="code"><pre>True</pre></td>
        </tr>
      
    </tbody>
  </table>

</div>

  <div id="explanation">
    <p>
      You're seeing this error because you have <code>DEBUG = True</code> in your
      Django settings file. Change that to <code>False</code>, and Django will
      display a standard 500 page.
    </p>
  </div>

</body>
</html>
